Archive member included to satisfy reference by file (symbol)

/home/kbisland/Ac6/SystemWorkbench/plugins/fr.ac6.mcu.externaltools.arm-none.linux64_1.17.0.201812190825/tools/compiler/bin/../lib/gcc/arm-none-eabi/7.3.1/thumb/v7e-m/fpv4-sp/hard/libgcc.a(_arm_addsubdf3.o)
                              Application/User/Core/main.o (__aeabi_i2d)
/home/kbisland/Ac6/SystemWorkbench/plugins/fr.ac6.mcu.externaltools.arm-none.linux64_1.17.0.201812190825/tools/compiler/bin/../lib/gcc/arm-none-eabi/7.3.1/thumb/v7e-m/fpv4-sp/hard/libgcc.a(_arm_muldivdf3.o)
                              Application/User/Core/main.o (__aeabi_dmul)
/home/kbisland/Ac6/SystemWorkbench/plugins/fr.ac6.mcu.externaltools.arm-none.linux64_1.17.0.201812190825/tools/compiler/bin/../lib/gcc/arm-none-eabi/7.3.1/thumb/v7e-m/fpv4-sp/hard/libgcc.a(_arm_fixunsdfsi.o)
                              Application/User/Core/main.o (__aeabi_d2uiz)
/home/kbisland/Ac6/SystemWorkbench/plugins/fr.ac6.mcu.externaltools.arm-none.linux64_1.17.0.201812190825/tools/compiler/bin/../lib/gcc/arm-none-eabi/7.3.1/thumb/v7e-m/fpv4-sp/hard/libgcc.a(_arm_addsubsf3.o)
                              Application/User/Core/main.o (__aeabi_l2f)
/home/kbisland/Ac6/SystemWorkbench/plugins/fr.ac6.mcu.externaltools.arm-none.linux64_1.17.0.201812190825/tools/compiler/bin/../lib/gcc/arm-none-eabi/7.3.1/../../../../arm-none-eabi/lib/thumb/v7e-m/fpv4-sp/hard/libc_nano.a(lib_a-errno.o)
                              Application/SW4STM32/syscalls.o (__errno)
/home/kbisland/Ac6/SystemWorkbench/plugins/fr.ac6.mcu.externaltools.arm-none.linux64_1.17.0.201812190825/tools/compiler/bin/../lib/gcc/arm-none-eabi/7.3.1/../../../../arm-none-eabi/lib/thumb/v7e-m/fpv4-sp/hard/libc_nano.a(lib_a-exit.o)
                              /home/kbisland/Ac6/SystemWorkbench/plugins/fr.ac6.mcu.externaltools.arm-none.linux64_1.17.0.201812190825/tools/compiler/bin/../lib/gcc/arm-none-eabi/7.3.1/../../../../arm-none-eabi/lib/thumb/v7e-m/fpv4-sp/hard/crt0.o (exit)
/home/kbisland/Ac6/SystemWorkbench/plugins/fr.ac6.mcu.externaltools.arm-none.linux64_1.17.0.201812190825/tools/compiler/bin/../lib/gcc/arm-none-eabi/7.3.1/../../../../arm-none-eabi/lib/thumb/v7e-m/fpv4-sp/hard/libc_nano.a(lib_a-impure.o)
                              /home/kbisland/Ac6/SystemWorkbench/plugins/fr.ac6.mcu.externaltools.arm-none.linux64_1.17.0.201812190825/tools/compiler/bin/../lib/gcc/arm-none-eabi/7.3.1/../../../../arm-none-eabi/lib/thumb/v7e-m/fpv4-sp/hard/libc_nano.a(lib_a-exit.o) (_global_impure_ptr)
/home/kbisland/Ac6/SystemWorkbench/plugins/fr.ac6.mcu.externaltools.arm-none.linux64_1.17.0.201812190825/tools/compiler/bin/../lib/gcc/arm-none-eabi/7.3.1/../../../../arm-none-eabi/lib/thumb/v7e-m/fpv4-sp/hard/libc_nano.a(lib_a-init.o)
                              /home/kbisland/Ac6/SystemWorkbench/plugins/fr.ac6.mcu.externaltools.arm-none.linux64_1.17.0.201812190825/tools/compiler/bin/../lib/gcc/arm-none-eabi/7.3.1/../../../../arm-none-eabi/lib/thumb/v7e-m/fpv4-sp/hard/crt0.o (__libc_init_array)
/home/kbisland/Ac6/SystemWorkbench/plugins/fr.ac6.mcu.externaltools.arm-none.linux64_1.17.0.201812190825/tools/compiler/bin/../lib/gcc/arm-none-eabi/7.3.1/../../../../arm-none-eabi/lib/thumb/v7e-m/fpv4-sp/hard/libc_nano.a(lib_a-memset.o)
                              /home/kbisland/Ac6/SystemWorkbench/plugins/fr.ac6.mcu.externaltools.arm-none.linux64_1.17.0.201812190825/tools/compiler/bin/../lib/gcc/arm-none-eabi/7.3.1/../../../../arm-none-eabi/lib/thumb/v7e-m/fpv4-sp/hard/crt0.o (memset)

Allocating common symbols
Common symbol       size              file

M1Out               0x4               Application/User/Core/main.o
m3B                 0x4               Application/User/Core/main.o
M4                  0x48              Application/User/Core/main.o
m2B                 0x4               Application/User/Core/main.o
m1B                 0x4               Application/User/Core/main.o
M4SetPoint          0x8               Application/User/Core/main.o
_TXData             0xc               Application/User/Core/main.o
uwTick              0x4               Drivers/STM32L4xx_HAL_Driver/stm32l4xx_hal.o
M2Out               0x4               Application/User/Core/main.o
m4A                 0x4               Application/User/Core/main.o
M1SetPoint          0x8               Application/User/Core/main.o
hspi3               0x64              Application/User/Core/main.o
M3Out               0x4               Application/User/Core/main.o
PCLK1_Freq          0x4               Application/User/Core/main.o
M3                  0x48              Application/User/Core/main.o
m3A                 0x4               Application/User/Core/main.o
htim1               0x40              Application/User/Core/main.o
m1A                 0x4               Application/User/Core/main.o
M2SetPoint          0x8               Application/User/Core/main.o
m4B                 0x4               Application/User/Core/main.o
[...]
Memory Configuration

Name             Origin             Length             Attributes
RAM              0x0000000020000000 0x0000000000010000 xrw
FLASH            0x0000000008000000 0x0000000000020000 xr
*default*        0x0000000000000000 0xffffffffffffffff

Linker script and memory map

LOAD /home/kbisland/Ac6/SystemWorkbench/plugins/fr.ac6.mcu.externaltools.arm-none.linux64_1.17.0.201812190825/tools/compiler/bin/../lib/gcc/arm-none-eabi/7.3.1/thumb/v7e-m/fpv4-sp/hard/crti.o
LOAD /home/kbisland/Ac6/SystemWorkbench/plugins/fr.ac6.mcu.externaltools.arm-none.linux64_1.17.0.201812190825/tools/compiler/bin/../lib/gcc/arm-none-eabi/7.3.1/thumb/v7e-m/fpv4-sp/hard/crtbegin.o
LOAD /home/kbisland/Ac6/SystemWorkbench/plugins/fr.ac6.mcu.externaltools.arm-none.linux64_1.17.0.201812190825/tools/compiler/bin/../lib/gcc/arm-none-eabi/7.3.1/../../../../arm-none-eabi/lib/thumb/v7e-m/fpv4-sp/hard/crt0.o
LOAD Application/SW4STM32/startup_stm32l432xx.o
LOAD Application/SW4STM32/syscalls.o
LOAD Application/User/Core/PID.o
LOAD Application/User/Core/main.o
LOAD Application/User/Core/stm32l4xx_hal_msp.o
LOAD Application/User/Core/stm32l4xx_it.o
LOAD Drivers/CMSIS/system_stm32l4xx.o
LOAD Drivers/STM32L4xx_HAL_Driver/stm32l4xx_hal.o
LOAD Drivers/STM32L4xx_HAL_Driver/stm32l4xx_hal_cortex.o
LOAD Drivers/STM32L4xx_HAL_Driver/stm32l4xx_hal_dma.o
LOAD Drivers/STM32L4xx_HAL_Driver/stm32l4xx_hal_dma_ex.o
LOAD Drivers/STM32L4xx_HAL_Driver/stm32l4xx_hal_exti.o
LOAD Drivers/STM32L4xx_HAL_Driver/stm32l4xx_hal_flash.o
LOAD Drivers/STM32L4xx_HAL_Driver/stm32l4xx_hal_flash_ex.o
LOAD Drivers/STM32L4xx_HAL_Driver/stm32l4xx_hal_flash_ramfunc.o
LOAD Drivers/STM32L4xx_HAL_Driver/stm32l4xx_hal_gpio.o
LOAD Drivers/STM32L4xx_HAL_Driver/stm32l4xx_hal_i2c.o
LOAD Drivers/STM32L4xx_HAL_Driver/stm32l4xx_hal_i2c_ex.o
LOAD Drivers/STM32L4xx_HAL_Driver/stm32l4xx_hal_pwr.o
LOAD Drivers/STM32L4xx_HAL_Driver/stm32l4xx_hal_pwr_ex.o
LOAD Drivers/STM32L4xx_HAL_Driver/stm32l4xx_hal_rcc.o
LOAD Drivers/STM32L4xx_HAL_Driver/stm32l4xx_hal_rcc_ex.o
LOAD Drivers/STM32L4xx_HAL_Driver/stm32l4xx_hal_spi.o
LOAD Drivers/STM32L4xx_HAL_Driver/stm32l4xx_hal_spi_ex.o
LOAD Drivers/STM32L4xx_HAL_Driver/stm32l4xx_hal_tim.o
LOAD Drivers/STM32L4xx_HAL_Driver/stm32l4xx_hal_tim_ex.o
LOAD /home/kbisland/Ac6/SystemWorkbench/plugins/fr.ac6.mcu.externaltools.arm-none.linux64_1.17.0.201812190825/tools/compiler/bin/../lib/gcc/arm-none-eabi/7.3.1/../../../../arm-none-eabi/lib/thumb/v7e-m/fpv4-sp/hard/libm.a
START GROUP
LOAD /home/kbisland/Ac6/SystemWorkbench/plugins/fr.ac6.mcu.externaltools.arm-none.linux64_1.17.0.201812190825/tools/compiler/bin/../lib/gcc/arm-none-eabi/7.3.1/thumb/v7e-m/fpv4-sp/hard/libgcc.a
LOAD /home/kbisland/Ac6/SystemWorkbench/plugins/fr.ac6.mcu.externaltools.arm-none.linux64_1.17.0.201812190825/tools/compiler/bin/../lib/gcc/arm-none-eabi/7.3.1/../../../../arm-none-eabi/lib/thumb/v7e-m/fpv4-sp/hard/libc_nano.a
END GROUP
START GROUP
LOAD /home/kbisland/Ac6/SystemWorkbench/plugins/fr.ac6.mcu.externaltools.arm-none.linux64_1.17.0.201812190825/tools/compiler/bin/../lib/gcc/arm-none-eabi/7.3.1/thumb/v7e-m/fpv4-sp/hard/libgcc.a
LOAD /home/kbisland/Ac6/SystemWorkbench/plugins/fr.ac6.mcu.externaltools.arm-none.linux64_1.17.0.201812190825/tools/compiler/bin/../lib/gcc/arm-none-eabi/7.3.1/../../../../arm-none-eabi/lib/thumb/v7e-m/fpv4-sp/hard/libc_nano.a
LOAD /home/kbisland/Ac6/SystemWorkbench/plugins/fr.ac6.mcu.externaltools.arm-none.linux64_1.17.0.201812190825/tools/compiler/bin/../lib/gcc/arm-none-eabi/7.3.1/../../../../arm-none-eabi/lib/thumb/v7e-m/fpv4-sp/hard/libnosys.a
END GROUP
START GROUP
LOAD /home/kbisland/Ac6/SystemWorkbench/plugins/fr.ac6.mcu.externaltools.arm-none.linux64_1.17.0.201812190825/tools/compiler/bin/../lib/gcc/arm-none-eabi/7.3.1/thumb/v7e-m/fpv4-sp/hard/libgcc.a
LOAD /home/kbisland/Ac6/SystemWorkbench/plugins/fr.ac6.mcu.externaltools.arm-none.linux64_1.17.0.201812190825/tools/compiler/bin/../lib/gcc/arm-none-eabi/7.3.1/../../../../arm-none-eabi/lib/thumb/v7e-m/fpv4-sp/hard/libc_nano.a
LOAD /home/kbisland/Ac6/SystemWorkbench/plugins/fr.ac6.mcu.externaltools.arm-none.linux64_1.17.0.201812190825/tools/compiler/bin/../lib/gcc/arm-none-eabi/7.3.1/../../../../arm-none-eabi/lib/thumb/v7e-m/fpv4-sp/hard/libnosys.a
END GROUP
LOAD /home/kbisland/Ac6/SystemWorkbench/plugins/fr.ac6.mcu.externaltools.arm-none.linux64_1.17.0.201812190825/tools/compiler/bin/../lib/gcc/arm-none-eabi/7.3.1/thumb/v7e-m/fpv4-sp/hard/crtend.o
LOAD /home/kbisland/Ac6/SystemWorkbench/plugins/fr.ac6.mcu.externaltools.arm-none.linux64_1.17.0.201812190825/tools/compiler/bin/../lib/gcc/arm-none-eabi/7.3.1/thumb/v7e-m/fpv4-sp/hard/crtn.o
                0x0000000020010000                _estack = 0x20010000
                0x0000000000000200                _Min_Heap_Size = 0x200
                0x0000000000000400                _Min_Stack_Size = 0x400

.isr_vector     0x0000000008000000      0x190
                0x0000000008000000                . = ALIGN (0x8)
 *(.isr_vector)
 .isr_vector    0x0000000008000000      0x18c Application/SW4STM32/startup_stm32l432xx.o
                0x0000000008000000                g_pfnVectors
                0x0000000008000190                . = ALIGN (0x8)
 *fill*         0x000000000800018c        0x4 

.text           0x0000000008000190     0x3f08
                0x0000000008000190                . = ALIGN (0x8)
 *(.text)
 .text          0x0000000008000190       0x40 /home/kbisland/Ac6/SystemWorkbench/plugins/fr.ac6.mcu.externaltools.arm-none.linux64_1.17.0.201812190825/tools/compiler/bin/../lib/gcc/arm-none-eabi/7.3.1/thumb/v7e-m/fpv4-sp/hard/crtbegin.o
 .text          0x00000000080001d0      0x378 /home/kbisland/Ac6/SystemWorkbench/plugins/fr.ac6.mcu.externaltools.arm-none.linux64_1.17.0.201812190825/tools/compiler/bin/../lib/gcc/arm-none-eabi/7.3.1/thumb/v7e-m/fpv4-sp/hard/libgcc.a(_arm_addsubdf3.o)
                0x00000000080001d0                __aeabi_drsub
                0x00000000080001d8                __aeabi_dsub
                0x00000000080001d8                __subdf3
                0x00000000080001dc                __adddf3
                0x00000000080001dc                __aeabi_dadd
                0x0000000008000454                __aeabi_ui2d
                0x0000000008000454                __floatunsidf
                0x0000000008000474                __floatsidf
                0x0000000008000474                __aeabi_i2d
                0x0000000008000498                __extendsfdf2
                0x0000000008000498                __aeabi_f2d
                0x00000000080004dc                __aeabi_ul2d
                0x00000000080004dc                __floatundidf
                0x00000000080004ec                __floatdidf
                0x00000000080004ec                __aeabi_l2d
 .text          0x0000000008000548      0x424 /home/kbisland/Ac6/SystemWorkbench/plugins/fr.ac6.mcu.externaltools.arm-none.linux64_1.17.0.201812190825/tools/compiler/bin/../lib/gcc/arm-none-eabi/7.3.1/thumb/v7e-m/fpv4-sp/hard/libgcc.a(_arm_muldivdf3.o)
                0x0000000008000548                __aeabi_dmul
                0x0000000008000548                __muldf3
                0x000000000800079c                __aeabi_ddiv
                0x000000000800079c                __divdf3
 .text          0x000000000800096c       0x40 /home/kbisland/Ac6/SystemWorkbench/plugins/fr.ac6.mcu.externaltools.arm-none.linux64_1.17.0.201812190825/tools/compiler/bin/../lib/gcc/arm-none-eabi/7.3.1/thumb/v7e-m/fpv4-sp/hard/libgcc.a(_arm_fixunsdfsi.o)
                0x000000000800096c                __fixunsdfsi
                0x000000000800096c                __aeabi_d2uiz
 .text          0x00000000080009ac      0x21c /home/kbisland/Ac6/SystemWorkbench/plugins/fr.ac6.mcu.externaltools.arm-none.linux64_1.17.0.201812190825/tools/compiler/bin/../lib/gcc/arm-none-eabi/7.3.1/thumb/v7e-m/fpv4-sp/hard/libgcc.a(_arm_addsubsf3.o)
                0x00000000080009ac                __aeabi_frsub
                0x00000000080009b4                __subsf3
                0x00000000080009b4                __aeabi_fsub
                0x00000000080009b8                __aeabi_fadd
                0x00000000080009b8                __addsf3
                0x0000000008000b18                __aeabi_ui2f
                0x0000000008000b18                __floatunsisf
                0x0000000008000b20                __aeabi_i2f
                0x0000000008000b20                __floatsisf
                0x0000000008000b3c                __floatundisf
                0x0000000008000b3c                __aeabi_ul2f
                0x0000000008000b4c                __floatdisf
                0x0000000008000b4c                __aeabi_l2f
 *(.text*)
 .text.Reset_Handler
                0x0000000008000bc8       0x50 Application/SW4STM32/startup_stm32l432xx.o
                0x0000000008000bc8                Reset_Handler
 .text.Default_Handler
                0x0000000008000c18        0x2 Application/SW4STM32/startup_stm32l432xx.o
                0x0000000008000c18                RTC_Alarm_IRQHandler
                0x0000000008000c18                TIM1_CC_IRQHandler
                0x0000000008000c18                TSC_IRQHandler
                0x0000000008000c18                TAMP_STAMP_IRQHandler
                0x0000000008000c18                LPTIM2_IRQHandler
                0x0000000008000c18                I2C3_ER_IRQHandler
                0x0000000008000c18                CAN1_RX0_IRQHandler
                0x0000000008000c18                FPU_IRQHandler
                0x0000000008000c18                TIM1_UP_TIM16_IRQHandler
                0x0000000008000c18                SPI1_IRQHandler
                0x0000000008000c18                TIM6_DAC_IRQHandler
                0x0000000008000c18                DMA2_Channel2_IRQHandler
                0x0000000008000c18                DMA1_Channel4_IRQHandler
                0x0000000008000c18                ADC1_IRQHandler
                0x0000000008000c18                DMA1_Channel7_IRQHandler
                0x0000000008000c18                CAN1_RX1_IRQHandler
                0x0000000008000c18                QUADSPI_IRQHandler
                0x0000000008000c18                I2C1_EV_IRQHandler
                0x0000000008000c18                DMA1_Channel6_IRQHandler
                0x0000000008000c18                DMA2_Channel4_IRQHandler
                0x0000000008000c18                RCC_IRQHandler
                0x0000000008000c18                TIM1_TRG_COM_IRQHandler
                0x0000000008000c18                DMA1_Channel1_IRQHandler
                0x0000000008000c18                Default_Handler
                0x0000000008000c18                DMA2_Channel7_IRQHandler
                0x0000000008000c18                I2C3_EV_IRQHandler
                0x0000000008000c18                USB_IRQHandler
                0x0000000008000c18                RTC_WKUP_IRQHandler
                0x0000000008000c18                PVD_PVM_IRQHandler
                0x0000000008000c18                CAN1_TX_IRQHandler
                0x0000000008000c18                DMA2_Channel5_IRQHandler
                0x0000000008000c18                CRS_IRQHandler
                0x0000000008000c18                DMA1_Channel5_IRQHandler
                0x0000000008000c18                RNG_IRQHandler
                0x0000000008000c18                DMA1_Channel3_IRQHandler
                0x0000000008000c18                COMP_IRQHandler
                0x0000000008000c18                WWDG_IRQHandler
                0x0000000008000c18                LPUART1_IRQHandler
                0x0000000008000c18                DMA2_Channel6_IRQHandler
                0x0000000008000c18                TIM2_IRQHandler
                0x0000000008000c18                USART2_IRQHandler
                0x0000000008000c18                DMA1_Channel2_IRQHandler
                0x0000000008000c18                CAN1_SCE_IRQHandler
                0x0000000008000c18                FLASH_IRQHandler
                0x0000000008000c18                USART1_IRQHandler
                0x0000000008000c18                SPI3_IRQHandler
                0x0000000008000c18                I2C1_ER_IRQHandler
                0x0000000008000c18                SWPMI1_IRQHandler
                0x0000000008000c18                LPTIM1_IRQHandler
                0x0000000008000c18                SAI1_IRQHandler
                0x0000000008000c18                DMA2_Channel3_IRQHandler
                0x0000000008000c18                TIM1_BRK_TIM15_IRQHandler
 .text.PID_Compute
                0x0000000008000c1a       0x98 Application/User/Core/PID.o
                0x0000000008000c1a                PID_Compute
 *fill*         0x0000000008000cb2        0x2 
 .text.PID_SetTunings
                0x0000000008000cb4       0x7c Application/User/Core/PID.o
                0x0000000008000cb4                PID_SetTunings
 .text.PID_SetOutputLimits
                0x0000000008000d30       0x5e Application/User/Core/PID.o
                0x0000000008000d30                PID_SetOutputLimits
 *fill*         0x0000000008000d8e        0x2 
 .text.PID_SetControllerDirection
                0x0000000008000d90       0x3c Application/User/Core/PID.o
                0x0000000008000d90                PID_SetControllerDirection
 .text.PID_init
                0x0000000008000dcc       0x68 Application/User/Core/PID.o
                0x0000000008000dcc                PID_init
 .text.MX_GPIO_Init
                0x0000000008000e34      0x18c Application/User/Core/main.o
 .text.MX_DMA_Init
                0x0000000008000fc0       0x34 Application/User/Core/main.o
 .text.MX_TIM1_Init
                0x0000000008000ff4       0xb8 Application/User/Core/main.o
 .text.MX_TIM16_Init
                0x00000000080010ac       0x88 Application/User/Core/main.o
 .text.MX_TIM7_Init
                0x0000000008001134       0x3c Application/User/Core/main.o
 .text.MX_SPI3_Init
                0x0000000008001170       0x40 Application/User/Core/main.o
 .text.SystemClock_Config
                0x00000000080011b0       0x62 Application/User/Core/main.o
                0x00000000080011b0                SystemClock_Config
 *fill*         0x0000000008001212        0x2 
 .text.HAL_GPIO_EXTI_Callback
                0x0000000008001214      0x83c Application/User/Core/main.o
                0x0000000008001214                HAL_GPIO_EXTI_Callback
 .text.runControllers
                0x0000000008001a50      0x284 Application/User/Core/main.o
                0x0000000008001a50                runControllers
 .text.ConfigControllers
                0x0000000008001cd4       0xc4 Application/User/Core/main.o
                0x0000000008001cd4                ConfigControllers
 .text.main     0x0000000008001d98      0x15c Application/User/Core/main.o
                0x0000000008001d98                main
 .text.Error_Handler
                0x0000000008001ef4        0x2 Application/User/Core/main.o
                0x0000000008001ef4                Error_Handler
 *fill*         0x0000000008001ef6        0x2 
 .text.HAL_MspInit
                0x0000000008001ef8       0x30 Application/User/Core/stm32l4xx_hal_msp.o
                0x0000000008001ef8                HAL_MspInit
 .text.HAL_SPI_MspInit
                0x0000000008001f28       0xa8 Application/User/Core/stm32l4xx_hal_msp.o
                0x0000000008001f28                HAL_SPI_MspInit
 .text.HAL_TIM_PWM_MspInit
                0x0000000008001fd0       0x2c Application/User/Core/stm32l4xx_hal_msp.o
                0x0000000008001fd0                HAL_TIM_PWM_MspInit
 .text.HAL_TIM_Base_MspInit
                0x0000000008001ffc       0x60 Application/User/Core/stm32l4xx_hal_msp.o
                0x0000000008001ffc                HAL_TIM_Base_MspInit
 .text.HAL_TIM_MspPostInit
                0x000000000800205c       0xb4 Application/User/Core/stm32l4xx_hal_msp.o
                0x000000000800205c                HAL_TIM_MspPostInit
 .text.NMI_Handler
                0x0000000008002110        0x2 Application/User/Core/stm32l4xx_it.o
                0x0000000008002110                NMI_Handler
 .text.HardFault_Handler
                0x0000000008002112        0x2 Application/User/Core/stm32l4xx_it.o
                0x0000000008002112                HardFault_Handler
 .text.MemManage_Handler
                0x0000000008002114        0x2 Application/User/Core/stm32l4xx_it.o
                0x0000000008002114                MemManage_Handler
 .text.BusFault_Handler
                0x0000000008002116        0x2 Application/User/Core/stm32l4xx_it.o
                0x0000000008002116                BusFault_Handler
 .text.UsageFault_Handler
                0x0000000008002118        0x2 Application/User/Core/stm32l4xx_it.o
                0x0000000008002118                UsageFault_Handler
 .text.SVC_Handler
                0x000000000800211a        0x2 Application/User/Core/stm32l4xx_it.o
                0x000000000800211a                SVC_Handler
 .text.DebugMon_Handler
                0x000000000800211c        0x2 Application/User/Core/stm32l4xx_it.o
                0x000000000800211c                DebugMon_Handler
 .text.PendSV_Handler
                0x000000000800211e        0x2 Application/User/Core/stm32l4xx_it.o
                0x000000000800211e                PendSV_Handler
 .text.SysTick_Handler
                0x0000000008002120        0x8 Application/User/Core/stm32l4xx_it.o
                0x0000000008002120                SysTick_Handler
 .text.EXTI0_IRQHandler
                0x0000000008002128        0xa Application/User/Core/stm32l4xx_it.o
                0x0000000008002128                EXTI0_IRQHandler
 .text.EXTI1_IRQHandler
                0x0000000008002132        0xa Application/User/Core/stm32l4xx_it.o
                0x0000000008002132                EXTI1_IRQHandler
 .text.EXTI2_IRQHandler
                0x000000000800213c        0xa Application/User/Core/stm32l4xx_it.o
                0x000000000800213c                EXTI2_IRQHandler
 .text.EXTI3_IRQHandler
                0x0000000008002146        0xa Application/User/Core/stm32l4xx_it.o
                0x0000000008002146                EXTI3_IRQHandler
 .text.EXTI4_IRQHandler
                0x0000000008002150        0xa Application/User/Core/stm32l4xx_it.o
                0x0000000008002150                EXTI4_IRQHandler
 .text.EXTI9_5_IRQHandler
                0x000000000800215a       0x26 Application/User/Core/stm32l4xx_it.o
                0x000000000800215a                EXTI9_5_IRQHandler
 .text.EXTI15_10_IRQHandler
                0x0000000008002180       0x1c Application/User/Core/stm32l4xx_it.o
                0x0000000008002180                EXTI15_10_IRQHandler
 .text.TIM7_IRQHandler
                0x000000000800219c       0x14 Application/User/Core/stm32l4xx_it.o
                0x000000000800219c                TIM7_IRQHandler
 .text.DMA2_Channel1_IRQHandler
                0x00000000080021b0       0x10 Application/User/Core/stm32l4xx_it.o
                0x00000000080021b0                DMA2_Channel1_IRQHandler
 .text.SystemInit
                0x00000000080021c0       0x48 Drivers/CMSIS/system_stm32l4xx.o
                0x00000000080021c0                SystemInit
 .text.HAL_InitTick
                0x0000000008002208       0x34 Drivers/STM32L4xx_HAL_Driver/stm32l4xx_hal.o
                0x0000000008002208                HAL_InitTick
 .text.HAL_Init
                0x000000000800223c       0x1e Drivers/STM32L4xx_HAL_Driver/stm32l4xx_hal.o
                0x000000000800223c                HAL_Init
 *fill*         0x000000000800225a        0x2 
 .text.HAL_IncTick
                0x000000000800225c       0x10 Drivers/STM32L4xx_HAL_Driver/stm32l4xx_hal.o
                0x000000000800225c                HAL_IncTick
 .text.HAL_GetTick
                0x000000000800226c        0xc Drivers/STM32L4xx_HAL_Driver/stm32l4xx_hal.o
                0x000000000800226c                HAL_GetTick
 .text.HAL_Delay
                0x0000000008002278       0x1e Drivers/STM32L4xx_HAL_Driver/stm32l4xx_hal.o
                0x0000000008002278                HAL_Delay
 *fill*         0x0000000008002296        0x2 
 .text.HAL_NVIC_SetPriorityGrouping
                0x0000000008002298       0x24 Drivers/STM32L4xx_HAL_Driver/stm32l4xx_hal_cortex.o
                0x0000000008002298                HAL_NVIC_SetPriorityGrouping
 .text.HAL_NVIC_SetPriority
                0x00000000080022bc       0x68 Drivers/STM32L4xx_HAL_Driver/stm32l4xx_hal_cortex.o
                0x00000000080022bc                HAL_NVIC_SetPriority
 .text.HAL_NVIC_EnableIRQ
                0x0000000008002324       0x18 Drivers/STM32L4xx_HAL_Driver/stm32l4xx_hal_cortex.o
                0x0000000008002324                HAL_NVIC_EnableIRQ
 .text.HAL_SYSTICK_Config
                0x000000000800233c       0x2c Drivers/STM32L4xx_HAL_Driver/stm32l4xx_hal_cortex.o
                0x000000000800233c                HAL_SYSTICK_Config
 .text.DMA_SetConfig
                0x0000000008002368       0x30 Drivers/STM32L4xx_HAL_Driver/stm32l4xx_hal_dma.o
 .text.HAL_DMA_Init
                0x0000000008002398       0xf8 Drivers/STM32L4xx_HAL_Driver/stm32l4xx_hal_dma.o
                0x0000000008002398                HAL_DMA_Init
 .text.HAL_DMA_Start_IT
                0x0000000008002490       0x76 Drivers/STM32L4xx_HAL_Driver/stm32l4xx_hal_dma.o
                0x0000000008002490                HAL_DMA_Start_IT
 .text.HAL_DMA_IRQHandler
                0x0000000008002506       0xc4 Drivers/STM32L4xx_HAL_Driver/stm32l4xx_hal_dma.o
                0x0000000008002506                HAL_DMA_IRQHandler
 *fill*         0x00000000080025ca        0x2 
 .text.HAL_GPIO_Init
                0x00000000080025cc      0x180 Drivers/STM32L4xx_HAL_Driver/stm32l4xx_hal_gpio.o
                0x00000000080025cc                HAL_GPIO_Init
 .text.HAL_GPIO_ReadPin
                0x000000000800274c        0xe Drivers/STM32L4xx_HAL_Driver/stm32l4xx_hal_gpio.o
                0x000000000800274c                HAL_GPIO_ReadPin
 .text.HAL_GPIO_WritePin
                0x000000000800275a        0xa Drivers/STM32L4xx_HAL_Driver/stm32l4xx_hal_gpio.o
                0x000000000800275a                HAL_GPIO_WritePin
 .text.HAL_GPIO_TogglePin
                0x0000000008002764        0x8 Drivers/STM32L4xx_HAL_Driver/stm32l4xx_hal_gpio.o
                0x0000000008002764                HAL_GPIO_TogglePin
 .text.HAL_GPIO_EXTI_IRQHandler
                0x000000000800276c       0x1c Drivers/STM32L4xx_HAL_Driver/stm32l4xx_hal_gpio.o
                0x000000000800276c                HAL_GPIO_EXTI_IRQHandler
 .text.HAL_PWREx_GetVoltageRange
                0x0000000008002788       0x10 Drivers/STM32L4xx_HAL_Driver/stm32l4xx_hal_pwr_ex.o
                0x0000000008002788                HAL_PWREx_GetVoltageRange
 .text.HAL_PWREx_ControlVoltageScaling
                0x0000000008002798       0x90 Drivers/STM32L4xx_HAL_Driver/stm32l4xx_hal_pwr_ex.o
                0x0000000008002798                HAL_PWREx_ControlVoltageScaling
 .text.RCC_SetFlashLatencyFromMSIRange
                0x0000000008002828       0x90 Drivers/STM32L4xx_HAL_Driver/stm32l4xx_hal_rcc.o
 .text.HAL_RCC_GetSysClockFreq
                0x00000000080028b8       0xd8 Drivers/STM32L4xx_HAL_Driver/stm32l4xx_hal_rcc.o
                0x00000000080028b8                HAL_RCC_GetSysClockFreq
 .text.HAL_RCC_OscConfig
                0x0000000008002990      0x5b4 Drivers/STM32L4xx_HAL_Driver/stm32l4xx_hal_rcc.o
                0x0000000008002990                HAL_RCC_OscConfig
 .text.HAL_RCC_ClockConfig
                0x0000000008002f44      0x154 Drivers/STM32L4xx_HAL_Driver/stm32l4xx_hal_rcc.o
                0x0000000008002f44                HAL_RCC_ClockConfig
 .text.HAL_RCC_GetHCLKFreq
                0x0000000008003098        0xc Drivers/STM32L4xx_HAL_Driver/stm32l4xx_hal_rcc.o
                0x0000000008003098                HAL_RCC_GetHCLKFreq
 .text.HAL_RCC_GetPCLK2Freq
                0x00000000080030a4       0x24 Drivers/STM32L4xx_HAL_Driver/stm32l4xx_hal_rcc.o
                0x00000000080030a4                HAL_RCC_GetPCLK2Freq
 .text.SPI_WaitFlagStateUntilTimeout
                0x00000000080030c8       0x90 Drivers/STM32L4xx_HAL_Driver/stm32l4xx_hal_spi.o
 .text.SPI_WaitFifoStateUntilTimeout
                0x0000000008003158       0x98 Drivers/STM32L4xx_HAL_Driver/stm32l4xx_hal_spi.o
 .text.SPI_EndRxTxTransaction
                0x00000000080031f0       0x66 Drivers/STM32L4xx_HAL_Driver/stm32l4xx_hal_spi.o
 .text.SPI_EndRxTransaction
                0x0000000008003256       0x88 Drivers/STM32L4xx_HAL_Driver/stm32l4xx_hal_spi.o
 .text.HAL_SPI_Init
                0x00000000080032de       0xb0 Drivers/STM32L4xx_HAL_Driver/stm32l4xx_hal_spi.o
                0x00000000080032de                HAL_SPI_Init
 *fill*         0x000000000800338e        0x2 
 .text.HAL_SPI_TransmitReceive_DMA
                0x0000000008003390      0x208 Drivers/STM32L4xx_HAL_Driver/stm32l4xx_hal_spi.o
                0x0000000008003390                HAL_SPI_TransmitReceive_DMA
 .text.HAL_SPI_Receive_DMA
                0x0000000008003598      0x174 Drivers/STM32L4xx_HAL_Driver/stm32l4xx_hal_spi.o
                0x0000000008003598                HAL_SPI_Receive_DMA
 .text.HAL_SPI_RxCpltCallback
                0x000000000800370c        0x2 Drivers/STM32L4xx_HAL_Driver/stm32l4xx_hal_spi.o
                0x000000000800370c                HAL_SPI_RxCpltCallback
 .text.HAL_SPI_TxRxCpltCallback
                0x000000000800370e        0x2 Drivers/STM32L4xx_HAL_Driver/stm32l4xx_hal_spi.o
                0x000000000800370e                HAL_SPI_TxRxCpltCallback
 .text.HAL_SPI_RxHalfCpltCallback
                0x0000000008003710        0x2 Drivers/STM32L4xx_HAL_Driver/stm32l4xx_hal_spi.o
                0x0000000008003710                HAL_SPI_RxHalfCpltCallback
 .text.SPI_DMAHalfReceiveCplt
                0x0000000008003712        0xa Drivers/STM32L4xx_HAL_Driver/stm32l4xx_hal_spi.o
 .text.HAL_SPI_TxRxHalfCpltCallback
                0x000000000800371c        0x2 Drivers/STM32L4xx_HAL_Driver/stm32l4xx_hal_spi.o
                0x000000000800371c                HAL_SPI_TxRxHalfCpltCallback
 .text.SPI_DMAHalfTransmitReceiveCplt
                0x000000000800371e        0xa Drivers/STM32L4xx_HAL_Driver/stm32l4xx_hal_spi.o
 .text.HAL_SPI_ErrorCallback
                0x0000000008003728        0x2 Drivers/STM32L4xx_HAL_Driver/stm32l4xx_hal_spi.o
                0x0000000008003728                HAL_SPI_ErrorCallback
 .text.SPI_DMAError
                0x000000000800372a       0x22 Drivers/STM32L4xx_HAL_Driver/stm32l4xx_hal_spi.o
 .text.SPI_DMAReceiveCplt
                0x000000000800374c       0x58 Drivers/STM32L4xx_HAL_Driver/stm32l4xx_hal_spi.o
 .text.SPI_DMATransmitReceiveCplt
                0x00000000080037a4       0x5e Drivers/STM32L4xx_HAL_Driver/stm32l4xx_hal_spi.o
 *fill*         0x0000000008003802        0x2 
 .text.TIM_OC1_SetConfig
                0x0000000008003804       0x7c Drivers/STM32L4xx_HAL_Driver/stm32l4xx_hal_tim.o
 .text.TIM_OC3_SetConfig
                0x0000000008003880       0x74 Drivers/STM32L4xx_HAL_Driver/stm32l4xx_hal_tim.o
 .text.TIM_OC4_SetConfig
                0x00000000080038f4       0x5c Drivers/STM32L4xx_HAL_Driver/stm32l4xx_hal_tim.o
 .text.TIM_OC5_SetConfig
                0x0000000008003950       0x58 Drivers/STM32L4xx_HAL_Driver/stm32l4xx_hal_tim.o
 .text.TIM_OC6_SetConfig
                0x00000000080039a8       0x5c Drivers/STM32L4xx_HAL_Driver/stm32l4xx_hal_tim.o
 .text.HAL_TIM_Base_Start
                0x0000000008003a04       0x34 Drivers/STM32L4xx_HAL_Driver/stm32l4xx_hal_tim.o
                0x0000000008003a04                HAL_TIM_Base_Start
 .text.HAL_TIM_PeriodElapsedCallback
                0x0000000008003a38        0x2 Drivers/STM32L4xx_HAL_Driver/stm32l4xx_hal_tim.o
                0x0000000008003a38                HAL_TIM_PeriodElapsedCallback
 .text.HAL_TIM_OC_DelayElapsedCallback
                0x0000000008003a3a        0x2 Drivers/STM32L4xx_HAL_Driver/stm32l4xx_hal_tim.o
                0x0000000008003a3a                HAL_TIM_OC_DelayElapsedCallback
 .text.HAL_TIM_IC_CaptureCallback
                0x0000000008003a3c        0x2 Drivers/STM32L4xx_HAL_Driver/stm32l4xx_hal_tim.o
                0x0000000008003a3c                HAL_TIM_IC_CaptureCallback
 .text.HAL_TIM_PWM_PulseFinishedCallback
                0x0000000008003a3e        0x2 Drivers/STM32L4xx_HAL_Driver/stm32l4xx_hal_tim.o
                0x0000000008003a3e                HAL_TIM_PWM_PulseFinishedCallback
 .text.HAL_TIM_TriggerCallback
                0x0000000008003a40        0x2 Drivers/STM32L4xx_HAL_Driver/stm32l4xx_hal_tim.o
                0x0000000008003a40                HAL_TIM_TriggerCallback
 .text.HAL_TIM_IRQHandler
                0x0000000008003a42      0x19a Drivers/STM32L4xx_HAL_Driver/stm32l4xx_hal_tim.o
                0x0000000008003a42                HAL_TIM_IRQHandler
 .text.TIM_Base_SetConfig
                0x0000000008003bdc       0x70 Drivers/STM32L4xx_HAL_Driver/stm32l4xx_hal_tim.o
                0x0000000008003bdc                TIM_Base_SetConfig
 .text.HAL_TIM_Base_Init
                0x0000000008003c4c       0x32 Drivers/STM32L4xx_HAL_Driver/stm32l4xx_hal_tim.o
                0x0000000008003c4c                HAL_TIM_Base_Init
 .text.HAL_TIM_PWM_Init
                0x0000000008003c7e       0x32 Drivers/STM32L4xx_HAL_Driver/stm32l4xx_hal_tim.o
                0x0000000008003c7e                HAL_TIM_PWM_Init
 .text.TIM_OC2_SetConfig
                0x0000000008003cb0       0x78 Drivers/STM32L4xx_HAL_Driver/stm32l4xx_hal_tim.o
                0x0000000008003cb0                TIM_OC2_SetConfig
 .text.HAL_TIM_PWM_ConfigChannel
                0x0000000008003d28      0x134 Drivers/STM32L4xx_HAL_Driver/stm32l4xx_hal_tim.o
                0x0000000008003d28                HAL_TIM_PWM_ConfigChannel
 .text.TIM_CCxChannelCmd
                0x0000000008003e5c       0x22 Drivers/STM32L4xx_HAL_Driver/stm32l4xx_hal_tim.o
                0x0000000008003e5c                TIM_CCxChannelCmd
 *fill*         0x0000000008003e7e        0x2 
 .text.HAL_TIM_PWM_Start
                0x0000000008003e80       0x58 Drivers/STM32L4xx_HAL_Driver/stm32l4xx_hal_tim.o
                0x0000000008003e80                HAL_TIM_PWM_Start
 .text.TIM_CCxNChannelCmd
                0x0000000008003ed8       0x22 Drivers/STM32L4xx_HAL_Driver/stm32l4xx_hal_tim_ex.o
 *fill*         0x0000000008003efa        0x2 
 .text.HAL_TIMEx_PWMN_Start
                0x0000000008003efc       0x40 Drivers/STM32L4xx_HAL_Driver/stm32l4xx_hal_tim_ex.o
                0x0000000008003efc                HAL_TIMEx_PWMN_Start
 .text.HAL_TIMEx_MasterConfigSynchronization
                0x0000000008003f3c       0x5c Drivers/STM32L4xx_HAL_Driver/stm32l4xx_hal_tim_ex.o
                0x0000000008003f3c                HAL_TIMEx_MasterConfigSynchronization
 .text.HAL_TIMEx_ConfigBreakDeadTime
                0x0000000008003f98       0x88 Drivers/STM32L4xx_HAL_Driver/stm32l4xx_hal_tim_ex.o
                0x0000000008003f98                HAL_TIMEx_ConfigBreakDeadTime
 .text.HAL_TIMEx_CommutationCallback
                0x0000000008004020        0x2 Drivers/STM32L4xx_HAL_Driver/stm32l4xx_hal_tim_ex.o
                0x0000000008004020                HAL_TIMEx_CommutationCallback
 .text.HAL_TIMEx_BreakCallback
                0x0000000008004022        0x2 Drivers/STM32L4xx_HAL_Driver/stm32l4xx_hal_tim_ex.o
                0x0000000008004022                HAL_TIMEx_BreakCallback
 .text.HAL_TIMEx_Break2Callback
                0x0000000008004024        0x2 Drivers/STM32L4xx_HAL_Driver/stm32l4xx_hal_tim_ex.o
                0x0000000008004024                HAL_TIMEx_Break2Callback
 *fill*         0x0000000008004026        0x2 
 .text.__libc_init_array
                0x0000000008004028       0x48 /home/kbisland/Ac6/SystemWorkbench/plugins/fr.ac6.mcu.externaltools.arm-none.linux64_1.17.0.201812190825/tools/compiler/bin/../lib/gcc/arm-none-eabi/7.3.1/../../../../arm-none-eabi/lib/thumb/v7e-m/fpv4-sp/hard/libc_nano.a(lib_a-init.o)
                0x0000000008004028                __libc_init_array
 .text.memset   0x0000000008004070       0x10 /home/kbisland/Ac6/SystemWorkbench/plugins/fr.ac6.mcu.externaltools.arm-none.linux64_1.17.0.201812190825/tools/compiler/bin/../lib/gcc/arm-none-eabi/7.3.1/../../../../arm-none-eabi/lib/thumb/v7e-m/fpv4-sp/hard/libc_nano.a(lib_a-memset.o)
                0x0000000008004070                memset
 *(.glue_7)
 .glue_7        0x0000000008004080        0x0 linker stubs
 *(.glue_7t)
 .glue_7t       0x0000000008004080        0x0 linker stubs
 *(.eh_frame)
 .eh_frame      0x0000000008004080        0x0 /home/kbisland/Ac6/SystemWorkbench/plugins/fr.ac6.mcu.externaltools.arm-none.linux64_1.17.0.201812190825/tools/compiler/bin/../lib/gcc/arm-none-eabi/7.3.1/thumb/v7e-m/fpv4-sp/hard/crtbegin.o
 *(.init)
 .init          0x0000000008004080        0x4 /home/kbisland/Ac6/SystemWorkbench/plugins/fr.ac6.mcu.externaltools.arm-none.linux64_1.17.0.201812190825/tools/compiler/bin/../lib/gcc/arm-none-eabi/7.3.1/thumb/v7e-m/fpv4-sp/hard/crti.o
                0x0000000008004080                _init
 .init          0x0000000008004084        0x8 /home/kbisland/Ac6/SystemWorkbench/plugins/fr.ac6.mcu.externaltools.arm-none.linux64_1.17.0.201812190825/tools/compiler/bin/../lib/gcc/arm-none-eabi/7.3.1/thumb/v7e-m/fpv4-sp/hard/crtn.o
 *(.fini)
 .fini          0x000000000800408c        0x4 /home/kbisland/Ac6/SystemWorkbench/plugins/fr.ac6.mcu.externaltools.arm-none.linux64_1.17.0.201812190825/tools/compiler/bin/../lib/gcc/arm-none-eabi/7.3.1/thumb/v7e-m/fpv4-sp/hard/crti.o
                0x000000000800408c                _fini
 .fini          0x0000000008004090        0x8 /home/kbisland/Ac6/SystemWorkbench/plugins/fr.ac6.mcu.externaltools.arm-none.linux64_1.17.0.201812190825/tools/compiler/bin/../lib/gcc/arm-none-eabi/7.3.1/thumb/v7e-m/fpv4-sp/hard/crtn.o
                0x0000000008004098                . = ALIGN (0x8)
                0x0000000008004098                _etext = .

.vfp11_veneer   0x0000000008004098        0x0
 .vfp11_veneer  0x0000000008004098        0x0 linker stubs

.v4_bx          0x0000000008004098        0x0
 .v4_bx         0x0000000008004098        0x0 linker stubs

.iplt           0x0000000008004098        0x0
 .iplt          0x0000000008004098        0x0 /home/kbisland/Ac6/SystemWorkbench/plugins/fr.ac6.mcu.externaltools.arm-none.linux64_1.17.0.201812190825/tools/compiler/bin/../lib/gcc/arm-none-eabi/7.3.1/thumb/v7e-m/fpv4-sp/hard/crtbegin.o

.rodata         0x0000000008004098       0x48
                0x0000000008004098                . = ALIGN (0x8)
 *(.rodata)
 .rodata        0x0000000008004098       0x48 Drivers/CMSIS/system_stm32l4xx.o
                0x0000000008004098                MSIRangeTable
                0x00000000080040c8                AHBPrescTable
                0x00000000080040d8                APBPrescTable
 *(.rodata*)
                0x00000000080040e0                . = ALIGN (0x8)

.rel.dyn        0x00000000080040e0        0x0
 .rel.iplt      0x00000000080040e0        0x0 /home/kbisland/Ac6/SystemWorkbench/plugins/fr.ac6.mcu.externaltools.arm-none.linux64_1.17.0.201812190825/tools/compiler/bin/../lib/gcc/arm-none-eabi/7.3.1/thumb/v7e-m/fpv4-sp/hard/crtbegin.o

.ARM.extab      0x00000000080040e0        0x0
                0x00000000080040e0                . = ALIGN (0x8)
 *(.ARM.extab* .gnu.linkonce.armextab.*)
                0x00000000080040e0                . = ALIGN (0x8)

.ARM            0x00000000080040e0        0x0
                0x00000000080040e0                . = ALIGN (0x8)
                0x00000000080040e0                __exidx_start = .
 *(.ARM.exidx*)
                0x00000000080040e0                __exidx_end = .
                0x00000000080040e0                . = ALIGN (0x8)

.preinit_array  0x00000000080040e0        0x0
                0x00000000080040e0                . = ALIGN (0x8)
                0x00000000080040e0                PROVIDE (__preinit_array_start = .)
 *(.preinit_array*)
                0x00000000080040e0                PROVIDE (__preinit_array_end = .)
                0x00000000080040e0                . = ALIGN (0x8)

.init_array     0x00000000080040e0        0x8
                0x00000000080040e0                . = ALIGN (0x8)
                0x00000000080040e0                PROVIDE (__init_array_start = .)
 *(SORT_BY_NAME(.init_array.*))
 *(.init_array*)
 .init_array    0x00000000080040e0        0x4 /home/kbisland/Ac6/SystemWorkbench/plugins/fr.ac6.mcu.externaltools.arm-none.linux64_1.17.0.201812190825/tools/compiler/bin/../lib/gcc/arm-none-eabi/7.3.1/thumb/v7e-m/fpv4-sp/hard/crtbegin.o
                0x00000000080040e4                PROVIDE (__init_array_end = .)
                0x00000000080040e8                . = ALIGN (0x8)
 *fill*         0x00000000080040e4        0x4 

.fini_array     0x00000000080040e8        0x8
                0x00000000080040e8                . = ALIGN (0x8)
                [!provide]                        PROVIDE (__fini_array_start = .)
 *(SORT_BY_NAME(.fini_array.*))
 *(.fini_array*)
 .fini_array    0x00000000080040e8        0x4 /home/kbisland/Ac6/SystemWorkbench/plugins/fr.ac6.mcu.externaltools.arm-none.linux64_1.17.0.201812190825/tools/compiler/bin/../lib/gcc/arm-none-eabi/7.3.1/thumb/v7e-m/fpv4-sp/hard/crtbegin.o
                [!provide]                        PROVIDE (__fini_array_end = .)
                0x00000000080040f0                . = ALIGN (0x8)
 *fill*         0x00000000080040ec        0x4 
                0x00000000080040f0                _sidata = LOADADDR (.data)

.data           0x0000000020000000        0x8 load address 0x00000000080040f0
                0x0000000020000000                . = ALIGN (0x8)
                0x0000000020000000                _sdata = .
 *(.data)
 .data          0x0000000020000000        0x4 Drivers/CMSIS/system_stm32l4xx.o
                0x0000000020000000                SystemCoreClock
 *(.data*)
                0x0000000020000008                . = ALIGN (0x8)
 *fill*         0x0000000020000004        0x4 
                0x0000000020000008                _edata = .

.igot.plt       0x0000000020000008        0x0 load address 0x00000000080040f8
 .igot.plt      0x0000000020000008        0x0 /home/kbisland/Ac6/SystemWorkbench/plugins/fr.ac6.mcu.externaltools.arm-none.linux64_1.17.0.201812190825/tools/compiler/bin/../lib/gcc/arm-none-eabi/7.3.1/thumb/v7e-m/fpv4-sp/hard/crtbegin.o
                0x0000000020000008                . = ALIGN (0x4)

.bss            0x0000000020000008      0x344 load address 0x00000000080040f8
                0x0000000020000008                _sbss = .
                0x0000000020000008                __bss_start__ = _sbss
 *(.bss)
 .bss           0x0000000020000008       0x1c /home/kbisland/Ac6/SystemWorkbench/plugins/fr.ac6.mcu.externaltools.arm-none.linux64_1.17.0.201812190825/tools/compiler/bin/../lib/gcc/arm-none-eabi/7.3.1/thumb/v7e-m/fpv4-sp/hard/crtbegin.o
 *fill*         0x0000000020000024        0x4 
 .bss           0x0000000020000028       0x28 Application/User/Core/stm32l4xx_it.o
                0x0000000020000028                m4Homed
                0x0000000020000029                m3Homed
                0x000000002000002a                m2Homed
                0x000000002000002b                m1Homed
                0x0000000020000030                m4Enc
                0x0000000020000038                m3Enc
                0x0000000020000040                m2Enc
                0x0000000020000048                m1Enc
 *(.bss*)
 *(COMMON)
 COMMON         0x0000000020000050      0x2f8 Application/User/Core/main.o
                0x0000000020000050                M1Out
                0x0000000020000054                m3B
                0x0000000020000058                M4
                0x00000000200000a0                m2B
                0x00000000200000a4                m1B
                0x00000000200000a8                M4SetPoint
                0x00000000200000b0                _TXData
                0x00000000200000bc                M2Out
                0x00000000200000c0                m4A
                0x00000000200000c8                M1SetPoint
                0x00000000200000d0                hspi3
                0x0000000020000134                M3Out
                0x0000000020000138                PCLK1_Freq
                0x000000002000013c                M3
                0x0000000020000184                m3A
                0x0000000020000188                htim1
                0x00000000200001c8                m1A
                0x00000000200001d0                M2SetPoint
                0x00000000200001d8                m4B
                0x00000000200001dc                M1
                0x0000000020000224                m2A
                0x0000000020000228                M2
                0x0000000020000270                htim16
                0x00000000200002b0                htim7
                0x00000000200002f0                M4Out
                0x00000000200002f4                hdma_spi3_rx
                0x0000000020000340                M3SetPoint
 COMMON         0x0000000020000348        0x4 Drivers/STM32L4xx_HAL_Driver/stm32l4xx_hal.o
                0x0000000020000348                uwTick
                0x000000002000034c                . = ALIGN (0x4)
                0x000000002000034c                _ebss = .
                0x000000002000034c                __bss_end__ = _ebss

._user_heap_stack
                0x000000002000034c      0x604 load address 0x00000000080040f8
                0x0000000020000350                . = ALIGN (0x8)
 *fill*         0x000000002000034c        0x4 
                0x0000000020000350                PROVIDE (end = .)
                [!provide]                        PROVIDE (_end = .)
                0x0000000020000550                . = (. + _Min_Heap_Size)
 *fill*         0x0000000020000350      0x200 
                0x0000000020000950                . = (. + _Min_Stack_Size)
 *fill*         0x0000000020000550      0x400 
                0x0000000020000950                . = ALIGN (0x8)

/DISCARD/
 libc.a(*)
 libm.a(*)
 libgcc.a(*)

.ARM.attributes
                0x0000000000000000       0x30
 *(.ARM.attributes)
 .ARM.attributes
                0x0000000000000000       0x22 /home/kbisland/Ac6/SystemWorkbench/plugins/fr.ac6.mcu.externaltools.arm-none.linux64_1.17.0.201812190825/tools/compiler/bin/../lib/gcc/arm-none-eabi/7.3.1/thumb/v7e-m/fpv4-sp/hard/crti.o
 .ARM.attributes
                0x0000000000000022       0x34 /home/kbisland/Ac6/SystemWorkbench/plugins/fr.ac6.mcu.externaltools.arm-none.linux64_1.17.0.201812190825/tools/compiler/bin/../lib/gcc/arm-none-eabi/7.3.1/thumb/v7e-m/fpv4-sp/hard/crtbegin.o
 .ARM.attributes
                0x0000000000000056       0x21 Application/SW4STM32/startup_stm32l432xx.o
 .ARM.attributes
                0x0000000000000077       0x39 Application/User/Core/PID.o
 .ARM.attributes
                0x00000000000000b0       0x39 Application/User/Core/main.o
 .ARM.attributes
                0x00000000000000e9       0x39 Application/User/Core/stm32l4xx_hal_msp.o
 .ARM.attributes
                0x0000000000000122       0x39 Application/User/Core/stm32l4xx_it.o
 .ARM.attributes
                0x000000000000015b       0x39 Drivers/CMSIS/system_stm32l4xx.o
 .ARM.attributes
                0x0000000000000194       0x39 Drivers/STM32L4xx_HAL_Driver/stm32l4xx_hal.o
 .ARM.attributes
                0x00000000000001cd       0x39 Drivers/STM32L4xx_HAL_Driver/stm32l4xx_hal_cortex.o
 .ARM.attributes
                0x0000000000000206       0x39 Drivers/STM32L4xx_HAL_Driver/stm32l4xx_hal_dma.o
 .ARM.attributes
                0x000000000000023f       0x39 Drivers/STM32L4xx_HAL_Driver/stm32l4xx_hal_gpio.o
 .ARM.attributes
                0x0000000000000278       0x39 Drivers/STM32L4xx_HAL_Driver/stm32l4xx_hal_pwr_ex.o
 .ARM.attributes
                0x00000000000002b1       0x39 Drivers/STM32L4xx_HAL_Driver/stm32l4xx_hal_rcc.o
 .ARM.attributes
                0x00000000000002ea       0x39 Drivers/STM32L4xx_HAL_Driver/stm32l4xx_hal_spi.o
 .ARM.attributes
                0x0000000000000323       0x39 Drivers/STM32L4xx_HAL_Driver/stm32l4xx_hal_tim.o
 .ARM.attributes
                0x000000000000035c       0x39 Drivers/STM32L4xx_HAL_Driver/stm32l4xx_hal_tim_ex.o
 .ARM.attributes
                0x0000000000000395       0x22 /home/kbisland/Ac6/SystemWorkbench/plugins/fr.ac6.mcu.externaltools.arm-none.linux64_1.17.0.201812190825/tools/compiler/bin/../lib/gcc/arm-none-eabi/7.3.1/thumb/v7e-m/fpv4-sp/hard/libgcc.a(_arm_addsubdf3.o)
 .ARM.attributes
                0x00000000000003b7       0x22 /home/kbisland/Ac6/SystemWorkbench/plugins/fr.ac6.mcu.externaltools.arm-none.linux64_1.17.0.201812190825/tools/compiler/bin/../lib/gcc/arm-none-eabi/7.3.1/thumb/v7e-m/fpv4-sp/hard/libgcc.a(_arm_muldivdf3.o)
 .ARM.attributes
                0x00000000000003d9       0x22 /home/kbisland/Ac6/SystemWorkbench/plugins/fr.ac6.mcu.externaltools.arm-none.linux64_1.17.0.201812190825/tools/compiler/bin/../lib/gcc/arm-none-eabi/7.3.1/thumb/v7e-m/fpv4-sp/hard/libgcc.a(_arm_fixunsdfsi.o)
 .ARM.attributes
                0x00000000000003fb       0x22 /home/kbisland/Ac6/SystemWorkbench/plugins/fr.ac6.mcu.externaltools.arm-none.linux64_1.17.0.201812190825/tools/compiler/bin/../lib/gcc/arm-none-eabi/7.3.1/thumb/v7e-m/fpv4-sp/hard/libgcc.a(_arm_addsubsf3.o)
 .ARM.attributes
                0x000000000000041d       0x34 /home/kbisland/Ac6/SystemWorkbench/plugins/fr.ac6.mcu.externaltools.arm-none.linux64_1.17.0.201812190825/tools/compiler/bin/../lib/gcc/arm-none-eabi/7.3.1/../../../../arm-none-eabi/lib/thumb/v7e-m/fpv4-sp/hard/libc_nano.a(lib_a-init.o)
 .ARM.attributes
                0x0000000000000451       0x34 /home/kbisland/Ac6/SystemWorkbench/plugins/fr.ac6.mcu.externaltools.arm-none.linux64_1.17.0.201812190825/tools/compiler/bin/../lib/gcc/arm-none-eabi/7.3.1/../../../../arm-none-eabi/lib/thumb/v7e-m/fpv4-sp/hard/libc_nano.a(lib_a-memset.o)
 .ARM.attributes
                0x0000000000000485       0x22 /home/kbisland/Ac6/SystemWorkbench/plugins/fr.ac6.mcu.externaltools.arm-none.linux64_1.17.0.201812190825/tools/compiler/bin/../lib/gcc/arm-none-eabi/7.3.1/thumb/v7e-m/fpv4-sp/hard/crtn.o
OUTPUT(TailController.elf elf32-littlearm)

.debug_line     0x0000000000000000     0x9ae3
 .debug_line    0x0000000000000000       0x9b Application/SW4STM32/startup_stm32l432xx.o
 .debug_line    0x000000000000009b      0x236 Application/User/Core/PID.o
 .debug_line    0x00000000000002d1      0xd1b Application/User/Core/main.o
 .debug_line    0x0000000000000fec      0x804 Application/User/Core/stm32l4xx_hal_msp.o
 .debug_line    0x00000000000017f0      0x86d Application/User/Core/stm32l4xx_it.o
 .debug_line    0x000000000000205d      0x75f Drivers/CMSIS/system_stm32l4xx.o
 .debug_line    0x00000000000027bc      0x91f Drivers/STM32L4xx_HAL_Driver/stm32l4xx_hal.o
 .debug_line    0x00000000000030db      0x955 Drivers/STM32L4xx_HAL_Driver/stm32l4xx_hal_cortex.o
 .debug_line    0x0000000000003a30      0x99c Drivers/STM32L4xx_HAL_Driver/stm32l4xx_hal_dma.o
 .debug_line    0x00000000000043cc      0x86f Drivers/STM32L4xx_HAL_Driver/stm32l4xx_hal_gpio.o
 .debug_line    0x0000000000004c3b      0xa83 Drivers/STM32L4xx_HAL_Driver/stm32l4xx_hal_pwr_ex.o
 .debug_line    0x00000000000056be      0xaa1 Drivers/STM32L4xx_HAL_Driver/stm32l4xx_hal_rcc.o
 .debug_line    0x000000000000615f     0x126d Drivers/STM32L4xx_HAL_Driver/stm32l4xx_hal_spi.o
 .debug_line    0x00000000000073cc     0x190c Drivers/STM32L4xx_HAL_Driver/stm32l4xx_hal_tim.o
 .debug_line    0x0000000000008cd8      0xe0b Drivers/STM32L4xx_HAL_Driver/stm32l4xx_hal_tim_ex.o

.debug_info     0x0000000000000000     0xebaa
 .debug_info    0x0000000000000000       0x22 Application/SW4STM32/startup_stm32l432xx.o
 .debug_info    0x0000000000000022      0x50c Application/User/Core/PID.o
 .debug_info    0x000000000000052e     0x21a6 Application/User/Core/main.o
 .debug_info    0x00000000000026d4     0x1130 Application/User/Core/stm32l4xx_hal_msp.o
 .debug_info    0x0000000000003804      0x9c4 Application/User/Core/stm32l4xx_it.o
 .debug_info    0x00000000000041c8      0x5da Drivers/CMSIS/system_stm32l4xx.o
 .debug_info    0x00000000000047a2      0x982 Drivers/STM32L4xx_HAL_Driver/stm32l4xx_hal.o
 .debug_info    0x0000000000005124      0xef0 Drivers/STM32L4xx_HAL_Driver/stm32l4xx_hal_cortex.o
 .debug_info    0x0000000000006014      0x84c Drivers/STM32L4xx_HAL_Driver/stm32l4xx_hal_dma.o
 .debug_info    0x0000000000006860      0x85c Drivers/STM32L4xx_HAL_Driver/stm32l4xx_hal_gpio.o
 .debug_info    0x00000000000070bc      0xa46 Drivers/STM32L4xx_HAL_Driver/stm32l4xx_hal_pwr_ex.o
 .debug_info    0x0000000000007b02      0xde8 Drivers/STM32L4xx_HAL_Driver/stm32l4xx_hal_rcc.o
 .debug_info    0x00000000000088ea     0x1de1 Drivers/STM32L4xx_HAL_Driver/stm32l4xx_hal_spi.o
 .debug_info    0x000000000000a6cb     0x2fc2 Drivers/STM32L4xx_HAL_Driver/stm32l4xx_hal_tim.o
 .debug_info    0x000000000000d68d     0x151d Drivers/STM32L4xx_HAL_Driver/stm32l4xx_hal_tim_ex.o

.debug_abbrev   0x0000000000000000     0x1da8
 .debug_abbrev  0x0000000000000000       0x12 Application/SW4STM32/startup_stm32l432xx.o
 .debug_abbrev  0x0000000000000012      0x168 Application/User/Core/PID.o
 .debug_abbrev  0x000000000000017a      0x300 Application/User/Core/main.o
 .debug_abbrev  0x000000000000047a      0x244 Application/User/Core/stm32l4xx_hal_msp.o
 .debug_abbrev  0x00000000000006be      0x1ee Application/User/Core/stm32l4xx_it.o
 .debug_abbrev  0x00000000000008ac      0x134 Drivers/CMSIS/system_stm32l4xx.o
 .debug_abbrev  0x00000000000009e0      0x1fc Drivers/STM32L4xx_HAL_Driver/stm32l4xx_hal.o
 .debug_abbrev  0x0000000000000bdc      0x2fa Drivers/STM32L4xx_HAL_Driver/stm32l4xx_hal_cortex.o
 .debug_abbrev  0x0000000000000ed6      0x233 Drivers/STM32L4xx_HAL_Driver/stm32l4xx_hal_dma.o
 .debug_abbrev  0x0000000000001109      0x1de Drivers/STM32L4xx_HAL_Driver/stm32l4xx_hal_gpio.o
 .debug_abbrev  0x00000000000012e7      0x1fc Drivers/STM32L4xx_HAL_Driver/stm32l4xx_hal_pwr_ex.o
 .debug_abbrev  0x00000000000014e3      0x22c Drivers/STM32L4xx_HAL_Driver/stm32l4xx_hal_rcc.o
 .debug_abbrev  0x000000000000170f      0x238 Drivers/STM32L4xx_HAL_Driver/stm32l4xx_hal_spi.o
 .debug_abbrev  0x0000000000001947      0x21b Drivers/STM32L4xx_HAL_Driver/stm32l4xx_hal_tim.o
 .debug_abbrev  0x0000000000001b62      0x246 Drivers/STM32L4xx_HAL_Driver/stm32l4xx_hal_tim_ex.o

.debug_aranges  0x0000000000000000      0xcf8
 .debug_aranges
                0x0000000000000000       0x28 Application/SW4STM32/startup_stm32l432xx.o
 .debug_aranges
                0x0000000000000028       0x80 Application/User/Core/PID.o
 .debug_aranges
                0x00000000000000a8       0x80 Application/User/Core/main.o
 .debug_aranges
                0x0000000000000128       0x58 Application/User/Core/stm32l4xx_hal_msp.o
 .debug_aranges
                0x0000000000000180       0xa8 Application/User/Core/stm32l4xx_it.o
 .debug_aranges
                0x0000000000000228       0x28 Drivers/CMSIS/system_stm32l4xx.o
 .debug_aranges
                0x0000000000000250       0xf0 Drivers/STM32L4xx_HAL_Driver/stm32l4xx_hal.o
 .debug_aranges
                0x0000000000000340       0xa8 Drivers/STM32L4xx_HAL_Driver/stm32l4xx_hal_cortex.o
 .debug_aranges
                0x00000000000003e8       0x80 Drivers/STM32L4xx_HAL_Driver/stm32l4xx_hal_dma.o
 .debug_aranges
                0x0000000000000468       0x58 Drivers/STM32L4xx_HAL_Driver/stm32l4xx_hal_gpio.o
 .debug_aranges
                0x00000000000004c0      0x108 Drivers/STM32L4xx_HAL_Driver/stm32l4xx_hal_pwr_ex.o
 .debug_aranges
                0x00000000000005c8       0x88 Drivers/STM32L4xx_HAL_Driver/stm32l4xx_hal_rcc.o
 .debug_aranges
                0x0000000000000650      0x1d8 Drivers/STM32L4xx_HAL_Driver/stm32l4xx_hal_spi.o
 .debug_aranges
                0x0000000000000828      0x378 Drivers/STM32L4xx_HAL_Driver/stm32l4xx_hal_tim.o
 .debug_aranges
                0x0000000000000ba0      0x158 Drivers/STM32L4xx_HAL_Driver/stm32l4xx_hal_tim_ex.o

.debug_str      0x0000000000000000    0xbfe91
 .debug_str     0x0000000000000000       0x87 Application/SW4STM32/startup_stm32l432xx.o
 .debug_str     0x0000000000000087     0x2f52 Application/User/Core/PID.o
                                       0x2fef (size before relaxing)
 .debug_str     0x0000000000002fd9    0xba0fc Application/User/Core/main.o
                                      0xbd393 (size before relaxing)
 .debug_str     0x00000000000bd0d5      0x11c Application/User/Core/stm32l4xx_hal_msp.o
                                      0xbccf7 (size before relaxing)
 .debug_str     0x00000000000bd1f1      0x1c9 Application/User/Core/stm32l4xx_it.o
                                      0xbc662 (size before relaxing)
 .debug_str     0x00000000000bd3ba       0xe8 Drivers/CMSIS/system_stm32l4xx.o
                                      0xbbdb7 (size before relaxing)
 .debug_str     0x00000000000bd4a2      0x4d3 Drivers/STM32L4xx_HAL_Driver/stm32l4xx_hal.o
                                      0xbc698 (size before relaxing)
 .debug_str     0x00000000000bd975      0x347 Drivers/STM32L4xx_HAL_Driver/stm32l4xx_hal_cortex.o
                                      0xbc4e1 (size before relaxing)
 .debug_str     0x00000000000bdcbc      0x244 Drivers/STM32L4xx_HAL_Driver/stm32l4xx_hal_dma.o
                                      0xbc04f (size before relaxing)
 .debug_str     0x00000000000bdf00      0x1c4 Drivers/STM32L4xx_HAL_Driver/stm32l4xx_hal_gpio.o
                                      0xbc031 (size before relaxing)
 .debug_str     0x00000000000be0c4      0x40c Drivers/STM32L4xx_HAL_Driver/stm32l4xx_hal_pwr_ex.o
                                      0xbc211 (size before relaxing)
 .debug_str     0x00000000000be4d0      0x36a Drivers/STM32L4xx_HAL_Driver/stm32l4xx_hal_rcc.o
                                      0xbc369 (size before relaxing)
 .debug_str     0x00000000000be83a      0x566 Drivers/STM32L4xx_HAL_Driver/stm32l4xx_hal_spi.o
                                      0xbc5b9 (size before relaxing)
 .debug_str     0x00000000000beda0      0xc40 Drivers/STM32L4xx_HAL_Driver/stm32l4xx_hal_tim.o
                                      0xbcdff (size before relaxing)
 .debug_str     0x00000000000bf9e0      0x4b1 Drivers/STM32L4xx_HAL_Driver/stm32l4xx_hal_tim_ex.o
                                      0xbc7ca (size before relaxing)

.debug_ranges   0x0000000000000000      0xc88
 .debug_ranges  0x0000000000000000       0x20 Application/SW4STM32/startup_stm32l432xx.o
 .debug_ranges  0x0000000000000020       0x70 Application/User/Core/PID.o
 .debug_ranges  0x0000000000000090       0x70 Application/User/Core/main.o
 .debug_ranges  0x0000000000000100       0x48 Application/User/Core/stm32l4xx_hal_msp.o
 .debug_ranges  0x0000000000000148       0x98 Application/User/Core/stm32l4xx_it.o
 .debug_ranges  0x00000000000001e0       0x18 Drivers/CMSIS/system_stm32l4xx.o
 .debug_ranges  0x00000000000001f8       0xe0 Drivers/STM32L4xx_HAL_Driver/stm32l4xx_hal.o
 .debug_ranges  0x00000000000002d8       0xf8 Drivers/STM32L4xx_HAL_Driver/stm32l4xx_hal_cortex.o
 .debug_ranges  0x00000000000003d0       0x70 Drivers/STM32L4xx_HAL_Driver/stm32l4xx_hal_dma.o
 .debug_ranges  0x0000000000000440       0x48 Drivers/STM32L4xx_HAL_Driver/stm32l4xx_hal_gpio.o
 .debug_ranges  0x0000000000000488       0xf8 Drivers/STM32L4xx_HAL_Driver/stm32l4xx_hal_pwr_ex.o
 .debug_ranges  0x0000000000000580       0x90 Drivers/STM32L4xx_HAL_Driver/stm32l4xx_hal_rcc.o
 .debug_ranges  0x0000000000000610      0x1c8 Drivers/STM32L4xx_HAL_Driver/stm32l4xx_hal_spi.o
 .debug_ranges  0x00000000000007d8      0x368 Drivers/STM32L4xx_HAL_Driver/stm32l4xx_hal_tim.o
 .debug_ranges  0x0000000000000b40      0x148 Drivers/STM32L4xx_HAL_Driver/stm32l4xx_hal_tim_ex.o

.debug_loc      0x0000000000000000     0x8e1c
 .debug_loc     0x0000000000000000      0x2d1 Application/User/Core/PID.o
 .debug_loc     0x00000000000002d1      0x1ce Application/User/Core/main.o
 .debug_loc     0x000000000000049f      0x140 Application/User/Core/stm32l4xx_hal_msp.o
 .debug_loc     0x00000000000005df      0x1b8 Drivers/CMSIS/system_stm32l4xx.o
 .debug_loc     0x0000000000000797       0xbe Drivers/STM32L4xx_HAL_Driver/stm32l4xx_hal.o
 .debug_loc     0x0000000000000855      0x5ce Drivers/STM32L4xx_HAL_Driver/stm32l4xx_hal_cortex.o
 .debug_loc     0x0000000000000e23      0x79c Drivers/STM32L4xx_HAL_Driver/stm32l4xx_hal_dma.o
 .debug_loc     0x00000000000015bf      0x353 Drivers/STM32L4xx_HAL_Driver/stm32l4xx_hal_gpio.o
 .debug_loc     0x0000000000001912      0x5dc Drivers/STM32L4xx_HAL_Driver/stm32l4xx_hal_pwr_ex.o
 .debug_loc     0x0000000000001eee      0x624 Drivers/STM32L4xx_HAL_Driver/stm32l4xx_hal_rcc.o
 .debug_loc     0x0000000000002512     0x1a8f Drivers/STM32L4xx_HAL_Driver/stm32l4xx_hal_spi.o
 .debug_loc     0x0000000000003fa1     0x377f Drivers/STM32L4xx_HAL_Driver/stm32l4xx_hal_tim.o
 .debug_loc     0x0000000000007720     0x16fc Drivers/STM32L4xx_HAL_Driver/stm32l4xx_hal_tim_ex.o

.debug_macro    0x0000000000000000    0x1ea4a
 .debug_macro   0x0000000000000000       0x24 Application/User/Core/PID.o
 .debug_macro   0x0000000000000024       0x22 Application/User/Core/PID.o
 .debug_macro   0x0000000000000046      0x20e Application/User/Core/main.o
 .debug_macro   0x0000000000000254       0xc0 Application/User/Core/main.o
 .debug_macro   0x0000000000000314       0x2e Application/User/Core/main.o
 .debug_macro   0x0000000000000342       0x28 Application/User/Core/main.o
 .debug_macro   0x000000000000036a       0x8e Application/User/Core/main.o
 .debug_macro   0x00000000000003f8       0x51 Application/User/Core/main.o
 .debug_macro   0x0000000000000449       0xef Application/User/Core/main.o
 .debug_macro   0x0000000000000538      0x1df Application/User/Core/main.o
 .debug_macro   0x0000000000000717       0x35 Application/User/Core/main.o
 .debug_macro   0x000000000000074c       0x50 Application/User/Core/main.o
 .debug_macro   0x000000000000079c      0xe66 Application/User/Core/main.o
 .debug_macro   0x0000000000001602    0x14744 Application/User/Core/main.o
 .debug_macro   0x0000000000015d46       0x43 Application/User/Core/main.o
 .debug_macro   0x0000000000015d89     0x3788 Application/User/Core/main.o
 .debug_macro   0x0000000000019511       0x50 Application/User/Core/main.o
 .debug_macro   0x0000000000019561     0x118b Application/User/Core/main.o
 .debug_macro   0x000000000001a6ec      0x535 Application/User/Core/main.o
 .debug_macro   0x000000000001ac21      0x241 Application/User/Core/main.o
 .debug_macro   0x000000000001ae62      0x148 Application/User/Core/main.o
 .debug_macro   0x000000000001afaa      0x122 Application/User/Core/main.o
 .debug_macro   0x000000000001b0cc      0x26b Application/User/Core/main.o
 .debug_macro   0x000000000001b337      0x23a Application/User/Core/main.o
 .debug_macro   0x000000000001b571      0x367 Application/User/Core/main.o
 .debug_macro   0x000000000001b8d8       0xe4 Application/User/Core/main.o
 .debug_macro   0x000000000001b9bc      0x22c Application/User/Core/main.o
 .debug_macro   0x000000000001bbe8       0x61 Application/User/Core/main.o
 .debug_macro   0x000000000001bc49       0xa5 Application/User/Core/main.o
 .debug_macro   0x000000000001bcee      0x126 Application/User/Core/main.o
 .debug_macro   0x000000000001be14      0x2d2 Application/User/Core/main.o
 .debug_macro   0x000000000001c0e6      0x2fe Application/User/Core/main.o
 .debug_macro   0x000000000001c3e4      0x9f7 Application/User/Core/main.o
 .debug_macro   0x000000000001cddb      0x135 Application/User/Core/main.o
 .debug_macro   0x000000000001cf10      0x21a Application/User/Core/main.o
 .debug_macro   0x000000000001d12a      0x12a Application/User/Core/main.o
 .debug_macro   0x000000000001d254      0x1f5 Application/User/Core/stm32l4xx_hal_msp.o
 .debug_macro   0x000000000001d449      0x208 Application/User/Core/stm32l4xx_it.o
 .debug_macro   0x000000000001d651      0x1ed Drivers/CMSIS/system_stm32l4xx.o
 .debug_macro   0x000000000001d83e      0x22e Drivers/STM32L4xx_HAL_Driver/stm32l4xx_hal.o
 .debug_macro   0x000000000001da6c      0x1e6 Drivers/STM32L4xx_HAL_Driver/stm32l4xx_hal_cortex.o
 .debug_macro   0x000000000001dc52      0x1e6 Drivers/STM32L4xx_HAL_Driver/stm32l4xx_hal_dma.o
 .debug_macro   0x000000000001de38      0x225 Drivers/STM32L4xx_HAL_Driver/stm32l4xx_hal_gpio.o
 .debug_macro   0x000000000001e05d      0x20a Drivers/STM32L4xx_HAL_Driver/stm32l4xx_hal_pwr_ex.o
 .debug_macro   0x000000000001e267      0x228 Drivers/STM32L4xx_HAL_Driver/stm32l4xx_hal_rcc.o
 .debug_macro   0x000000000001e48f      0x1ee Drivers/STM32L4xx_HAL_Driver/stm32l4xx_hal_spi.o
 .debug_macro   0x000000000001e67d      0x1e7 Drivers/STM32L4xx_HAL_Driver/stm32l4xx_hal_tim.o
 .debug_macro   0x000000000001e864      0x1e6 Drivers/STM32L4xx_HAL_Driver/stm32l4xx_hal_tim_ex.o

.comment        0x0000000000000000       0x7f
 .comment       0x0000000000000000       0x7f Application/User/Core/PID.o
                                         0x80 (size before relaxing)
 .comment       0x000000000000007f       0x80 Application/User/Core/main.o
 .comment       0x000000000000007f       0x80 Application/User/Core/stm32l4xx_hal_msp.o
 .comment       0x000000000000007f       0x80 Application/User/Core/stm32l4xx_it.o
 .comment       0x000000000000007f       0x80 Drivers/CMSIS/system_stm32l4xx.o
 .comment       0x000000000000007f       0x80 Drivers/STM32L4xx_HAL_Driver/stm32l4xx_hal.o
 .comment       0x000000000000007f       0x80 Drivers/STM32L4xx_HAL_Driver/stm32l4xx_hal_cortex.o
 .comment       0x000000000000007f       0x80 Drivers/STM32L4xx_HAL_Driver/stm32l4xx_hal_dma.o
 .comment       0x000000000000007f       0x80 Drivers/STM32L4xx_HAL_Driver/stm32l4xx_hal_gpio.o
 .comment       0x000000000000007f       0x80 Drivers/STM32L4xx_HAL_Driver/stm32l4xx_hal_pwr_ex.o
 .comment       0x000000000000007f       0x80 Drivers/STM32L4xx_HAL_Driver/stm32l4xx_hal_rcc.o
 .comment       0x000000000000007f       0x80 Drivers/STM32L4xx_HAL_Driver/stm32l4xx_hal_spi.o
 .comment       0x000000000000007f       0x80 Drivers/STM32L4xx_HAL_Driver/stm32l4xx_hal_tim.o
 .comment       0x000000000000007f       0x80 Drivers/STM32L4xx_HAL_Driver/stm32l4xx_hal_tim_ex.o

.debug_frame    0x0000000000000000     0x23c8
 .debug_frame   0x0000000000000000      0x114 Application/User/Core/PID.o
 .debug_frame   0x0000000000000114      0x19c Application/User/Core/main.o
 .debug_frame   0x00000000000002b0       0xe8 Application/User/Core/stm32l4xx_hal_msp.o
 .debug_frame   0x0000000000000398      0x180 Application/User/Core/stm32l4xx_it.o
 .debug_frame   0x0000000000000518       0x30 Drivers/CMSIS/system_stm32l4xx.o
 .debug_frame   0x0000000000000548      0x1e4 Drivers/STM32L4xx_HAL_Driver/stm32l4xx_hal.o
 .debug_frame   0x000000000000072c      0x15c Drivers/STM32L4xx_HAL_Driver/stm32l4xx_hal_cortex.o
 .debug_frame   0x0000000000000888      0x16c Drivers/STM32L4xx_HAL_Driver/stm32l4xx_hal_dma.o
 .debug_frame   0x00000000000009f4       0xd8 Drivers/STM32L4xx_HAL_Driver/stm32l4xx_hal_gpio.o
 .debug_frame   0x0000000000000acc      0x1f8 Drivers/STM32L4xx_HAL_Driver/stm32l4xx_hal_pwr_ex.o
 .debug_frame   0x0000000000000cc4      0x18c Drivers/STM32L4xx_HAL_Driver/stm32l4xx_hal_rcc.o
 .debug_frame   0x0000000000000e50      0x5b8 Drivers/STM32L4xx_HAL_Driver/stm32l4xx_hal_spi.o
 .debug_frame   0x0000000000001408      0xa08 Drivers/STM32L4xx_HAL_Driver/stm32l4xx_hal_tim.o
 .debug_frame   0x0000000000001e10      0x400 Drivers/STM32L4xx_HAL_Driver/stm32l4xx_hal_tim_ex.o
 .debug_frame   0x0000000000002210       0xac /home/kbisland/Ac6/SystemWorkbench/plugins/fr.ac6.mcu.externaltools.arm-none.linux64_1.17.0.201812190825/tools/compiler/bin/../lib/gcc/arm-none-eabi/7.3.1/thumb/v7e-m/fpv4-sp/hard/libgcc.a(_arm_addsubdf3.o)
 .debug_frame   0x00000000000022bc       0x50 /home/kbisland/Ac6/SystemWorkbench/plugins/fr.ac6.mcu.externaltools.arm-none.linux64_1.17.0.201812190825/tools/compiler/bin/../lib/gcc/arm-none-eabi/7.3.1/thumb/v7e-m/fpv4-sp/hard/libgcc.a(_arm_muldivdf3.o)
 .debug_frame   0x000000000000230c       0x24 /home/kbisland/Ac6/SystemWorkbench/plugins/fr.ac6.mcu.externaltools.arm-none.linux64_1.17.0.201812190825/tools/compiler/bin/../lib/gcc/arm-none-eabi/7.3.1/thumb/v7e-m/fpv4-sp/hard/libgcc.a(_arm_fixunsdfsi.o)
 .debug_frame   0x0000000000002330       0x4c /home/kbisland/Ac6/SystemWorkbench/plugins/fr.ac6.mcu.externaltools.arm-none.linux64_1.17.0.201812190825/tools/compiler/bin/../lib/gcc/arm-none-eabi/7.3.1/thumb/v7e-m/fpv4-sp/hard/libgcc.a(_arm_addsubsf3.o)
 .debug_frame   0x000000000000237c       0x2c /home/kbisland/Ac6/SystemWorkbench/plugins/fr.ac6.mcu.externaltools.arm-none.linux64_1.17.0.201812190825/tools/compiler/bin/../lib/gcc/arm-none-eabi/7.3.1/../../../../arm-none-eabi/lib/thumb/v7e-m/fpv4-sp/hard/libc_nano.a(lib_a-init.o)
 .debug_frame   0x00000000000023a8       0x20 /home/kbisland/Ac6/SystemWorkbench/plugins/fr.ac6.mcu.externaltools.arm-none.linux64_1.17.0.201812190825/tools/compiler/bin/../lib/gcc/arm-none-eabi/7.3.1/../../../../arm-none-eabi/lib/thumb/v7e-m/fpv4-sp/hard/libc_nano.a(lib_a-memset.o)
