Archive member included to satisfy reference by file (symbol)

/home/kbisland/Ac6/SystemWorkbench/plugins/fr.ac6.mcu.externaltools.arm-none.linux64_1.17.0.201812190825/tools/compiler/bin/../lib/gcc/arm-none-eabi/7.3.1/../../../../arm-none-eabi/lib/thumb/v7e-m/fpv4-sp/hard/libc_nano.a(lib_a-errno.o)
                              Application/SW4STM32/syscalls.o (__errno)
/home/kbisland/Ac6/SystemWorkbench/plugins/fr.ac6.mcu.externaltools.arm-none.linux64_1.17.0.201812190825/tools/compiler/bin/../lib/gcc/arm-none-eabi/7.3.1/../../../../arm-none-eabi/lib/thumb/v7e-m/fpv4-sp/hard/libc_nano.a(lib_a-exit.o)
                              /home/kbisland/Ac6/SystemWorkbench/plugins/fr.ac6.mcu.externaltools.arm-none.linux64_1.17.0.201812190825/tools/compiler/bin/../lib/gcc/arm-none-eabi/7.3.1/../../../../arm-none-eabi/lib/thumb/v7e-m/fpv4-sp/hard/crt0.o (exit)
/home/kbisland/Ac6/SystemWorkbench/plugins/fr.ac6.mcu.externaltools.arm-none.linux64_1.17.0.201812190825/tools/compiler/bin/../lib/gcc/arm-none-eabi/7.3.1/../../../../arm-none-eabi/lib/thumb/v7e-m/fpv4-sp/hard/libc_nano.a(lib_a-impure.o)
                              /home/kbisland/Ac6/SystemWorkbench/plugins/fr.ac6.mcu.externaltools.arm-none.linux64_1.17.0.201812190825/tools/compiler/bin/../lib/gcc/arm-none-eabi/7.3.1/../../../../arm-none-eabi/lib/thumb/v7e-m/fpv4-sp/hard/libc_nano.a(lib_a-exit.o) (_global_impure_ptr)
/home/kbisland/Ac6/SystemWorkbench/plugins/fr.ac6.mcu.externaltools.arm-none.linux64_1.17.0.201812190825/tools/compiler/bin/../lib/gcc/arm-none-eabi/7.3.1/../../../../arm-none-eabi/lib/thumb/v7e-m/fpv4-sp/hard/libc_nano.a(lib_a-init.o)
                              /home/kbisland/Ac6/SystemWorkbench/plugins/fr.ac6.mcu.externaltools.arm-none.linux64_1.17.0.201812190825/tools/compiler/bin/../lib/gcc/arm-none-eabi/7.3.1/../../../../arm-none-eabi/lib/thumb/v7e-m/fpv4-sp/hard/crt0.o (__libc_init_array)
/home/kbisland/Ac6/SystemWorkbench/plugins/fr.ac6.mcu.externaltools.arm-none.linux64_1.17.0.201812190825/tools/compiler/bin/../lib/gcc/arm-none-eabi/7.3.1/../../../../arm-none-eabi/lib/thumb/v7e-m/fpv4-sp/hard/libc_nano.a(lib_a-memset.o)
                              /home/kbisland/Ac6/SystemWorkbench/plugins/fr.ac6.mcu.externaltools.arm-none.linux64_1.17.0.201812190825/tools/compiler/bin/../lib/gcc/arm-none-eabi/7.3.1/../../../../arm-none-eabi/lib/thumb/v7e-m/fpv4-sp/hard/crt0.o (memset)

Allocating common symbols
Common symbol       size              file

M1Out               0x4               Application/User/Core/main.o
m3B                 0x1               Application/User/Core/main.o
M4                  0x14              Application/User/Core/main.o
m2B                 0x1               Application/User/Core/main.o
m1B                 0x1               Application/User/Core/main.o
uwTick              0x4               Drivers/STM32L4xx_HAL_Driver/stm32l4xx_hal.o
M2Out               0x4               Application/User/Core/main.o
m4A                 0x1               Application/User/Core/main.o
hspi3               0x64              Application/User/Core/main.o
M3Out               0x4               Application/User/Core/main.o
PCLK1_Freq          0x4               Application/User/Core/main.o
M3                  0x14              Application/User/Core/main.o
m3A                 0x1               Application/User/Core/main.o
htim1               0x40              Application/User/Core/main.o
m1A                 0x1               Application/User/Core/main.o
m4B                 0x1               Application/User/Core/main.o
m2A                 0x1               Application/User/Core/main.o
M2                  0x14              Application/User/Core/main.o
htim16              0x40              Application/User/Core/main.o
htim7               0x40              Application/User/Core/main.o
M4Out               0x4               Application/User/Core/main.o
hdma_spi3_rx        0x48              Application/User/Core/main.o

Discarded input sections

 .text          0x0000000000000000        0x0 /home/kbisland/Ac6/SystemWorkbench/plugins/fr.ac6.mcu.externaltools.arm-none.linux64_1.17.0.201812190825/tools/compiler/bin/../lib/gcc/arm-none-eabi/7.3.1/thumb/v7e-m/fpv4-sp/hard/crti.o
 .data          0x0000000000000000        0x0 /home/kbisland/Ac6/SystemWorkbench/plugins/fr.ac6.mcu.externaltools.arm-none.linux64_1.17.0.201812190825/tools/compiler/bin/../lib/gcc/arm-none-eabi/7.3.1/thumb/v7e-m/fpv4-sp/hard/crti.o
 .bss           0x0000000000000000        0x0 /home/kbisland/Ac6/SystemWorkbench/plugins/fr.ac6.mcu.externaltools.arm-none.linux64_1.17.0.201812190825/tools/compiler/bin/../lib/gcc/arm-none-eabi/7.3.1/thumb/v7e-m/fpv4-sp/hard/crti.o
 .data          0x0000000000000000        0x4 /home/kbisland/Ac6/SystemWorkbench/plugins/fr.ac6.mcu.externaltools.arm-none.linux64_1.17.0.201812190825/tools/compiler/bin/../lib/gcc/arm-none-eabi/7.3.1/thumb/v7e-m/fpv4-sp/hard/crtbegin.o
[...]
Memory Configuration

Name             Origin             Length             Attributes
RAM              0x0000000020000000 0x0000000000010000 xrw
FLASH            0x0000000008000000 0x0000000000020000 xr
*default*        0x0000000000000000 0xffffffffffffffff

Linker script and memory map

LOAD /home/kbisland/Ac6/SystemWorkbench/plugins/fr.ac6.mcu.externaltools.arm-none.linux64_1.17.0.201812190825/tools/compiler/bin/../lib/gcc/arm-none-eabi/7.3.1/thumb/v7e-m/fpv4-sp/hard/crti.o
LOAD /home/kbisland/Ac6/SystemWorkbench/plugins/fr.ac6.mcu.externaltools.arm-none.linux64_1.17.0.201812190825/tools/compiler/bin/../lib/gcc/arm-none-eabi/7.3.1/thumb/v7e-m/fpv4-sp/hard/crtbegin.o
LOAD /home/kbisland/Ac6/SystemWorkbench/plugins/fr.ac6.mcu.externaltools.arm-none.linux64_1.17.0.201812190825/tools/compiler/bin/../lib/gcc/arm-none-eabi/7.3.1/../../../../arm-none-eabi/lib/thumb/v7e-m/fpv4-sp/hard/crt0.o
LOAD Application/SW4STM32/startup_stm32l432xx.o
LOAD Application/SW4STM32/syscalls.o
LOAD Application/User/Core/PID.o
LOAD Application/User/Core/main.o
LOAD Application/User/Core/stm32l4xx_hal_msp.o
LOAD Application/User/Core/stm32l4xx_it.o
LOAD Drivers/CMSIS/system_stm32l4xx.o
LOAD Drivers/STM32L4xx_HAL_Driver/stm32l4xx_hal.o
LOAD Drivers/STM32L4xx_HAL_Driver/stm32l4xx_hal_cortex.o
LOAD Drivers/STM32L4xx_HAL_Driver/stm32l4xx_hal_dma.o
LOAD Drivers/STM32L4xx_HAL_Driver/stm32l4xx_hal_dma_ex.o
LOAD Drivers/STM32L4xx_HAL_Driver/stm32l4xx_hal_exti.o
LOAD Drivers/STM32L4xx_HAL_Driver/stm32l4xx_hal_flash.o
LOAD Drivers/STM32L4xx_HAL_Driver/stm32l4xx_hal_flash_ex.o
LOAD Drivers/STM32L4xx_HAL_Driver/stm32l4xx_hal_flash_ramfunc.o
LOAD Drivers/STM32L4xx_HAL_Driver/stm32l4xx_hal_gpio.o
LOAD Drivers/STM32L4xx_HAL_Driver/stm32l4xx_hal_i2c.o
LOAD Drivers/STM32L4xx_HAL_Driver/stm32l4xx_hal_i2c_ex.o
LOAD Drivers/STM32L4xx_HAL_Driver/stm32l4xx_hal_pwr.o
LOAD Drivers/STM32L4xx_HAL_Driver/stm32l4xx_hal_pwr_ex.o
LOAD Drivers/STM32L4xx_HAL_Driver/stm32l4xx_hal_rcc.o
LOAD Drivers/STM32L4xx_HAL_Driver/stm32l4xx_hal_rcc_ex.o
LOAD Drivers/STM32L4xx_HAL_Driver/stm32l4xx_hal_spi.o
LOAD Drivers/STM32L4xx_HAL_Driver/stm32l4xx_hal_spi_ex.o
LOAD Drivers/STM32L4xx_HAL_Driver/stm32l4xx_hal_tim.o
LOAD Drivers/STM32L4xx_HAL_Driver/stm32l4xx_hal_tim_ex.o
LOAD /home/kbisland/Ac6/SystemWorkbench/plugins/fr.ac6.mcu.externaltools.arm-none.linux64_1.17.0.201812190825/tools/compiler/bin/../lib/gcc/arm-none-eabi/7.3.1/../../../../arm-none-eabi/lib/thumb/v7e-m/fpv4-sp/hard/libm.a
START GROUP
LOAD /home/kbisland/Ac6/SystemWorkbench/plugins/fr.ac6.mcu.externaltools.arm-none.linux64_1.17.0.201812190825/tools/compiler/bin/../lib/gcc/arm-none-eabi/7.3.1/thumb/v7e-m/fpv4-sp/hard/libgcc.a
LOAD /home/kbisland/Ac6/SystemWorkbench/plugins/fr.ac6.mcu.externaltools.arm-none.linux64_1.17.0.201812190825/tools/compiler/bin/../lib/gcc/arm-none-eabi/7.3.1/../../../../arm-none-eabi/lib/thumb/v7e-m/fpv4-sp/hard/libc_nano.a
END GROUP
START GROUP
LOAD /home/kbisland/Ac6/SystemWorkbench/plugins/fr.ac6.mcu.externaltools.arm-none.linux64_1.17.0.201812190825/tools/compiler/bin/../lib/gcc/arm-none-eabi/7.3.1/thumb/v7e-m/fpv4-sp/hard/libgcc.a
LOAD /home/kbisland/Ac6/SystemWorkbench/plugins/fr.ac6.mcu.externaltools.arm-none.linux64_1.17.0.201812190825/tools/compiler/bin/../lib/gcc/arm-none-eabi/7.3.1/../../../../arm-none-eabi/lib/thumb/v7e-m/fpv4-sp/hard/libc_nano.a
LOAD /home/kbisland/Ac6/SystemWorkbench/plugins/fr.ac6.mcu.externaltools.arm-none.linux64_1.17.0.201812190825/tools/compiler/bin/../lib/gcc/arm-none-eabi/7.3.1/../../../../arm-none-eabi/lib/thumb/v7e-m/fpv4-sp/hard/libnosys.a
END GROUP
START GROUP
LOAD /home/kbisland/Ac6/SystemWorkbench/plugins/fr.ac6.mcu.externaltools.arm-none.linux64_1.17.0.201812190825/tools/compiler/bin/../lib/gcc/arm-none-eabi/7.3.1/thumb/v7e-m/fpv4-sp/hard/libgcc.a
LOAD /home/kbisland/Ac6/SystemWorkbench/plugins/fr.ac6.mcu.externaltools.arm-none.linux64_1.17.0.201812190825/tools/compiler/bin/../lib/gcc/arm-none-eabi/7.3.1/../../../../arm-none-eabi/lib/thumb/v7e-m/fpv4-sp/hard/libc_nano.a
LOAD /home/kbisland/Ac6/SystemWorkbench/plugins/fr.ac6.mcu.externaltools.arm-none.linux64_1.17.0.201812190825/tools/compiler/bin/../lib/gcc/arm-none-eabi/7.3.1/../../../../arm-none-eabi/lib/thumb/v7e-m/fpv4-sp/hard/libnosys.a
END GROUP
LOAD /home/kbisland/Ac6/SystemWorkbench/plugins/fr.ac6.mcu.externaltools.arm-none.linux64_1.17.0.201812190825/tools/compiler/bin/../lib/gcc/arm-none-eabi/7.3.1/thumb/v7e-m/fpv4-sp/hard/crtend.o
LOAD /home/kbisland/Ac6/SystemWorkbench/plugins/fr.ac6.mcu.externaltools.arm-none.linux64_1.17.0.201812190825/tools/compiler/bin/../lib/gcc/arm-none-eabi/7.3.1/thumb/v7e-m/fpv4-sp/hard/crtn.o
                0x0000000020010000                _estack = 0x20010000
                0x0000000000000200                _Min_Heap_Size = 0x200
                0x0000000000000400                _Min_Stack_Size = 0x400

.isr_vector     0x0000000008000000      0x190
                0x0000000008000000                . = ALIGN (0x8)
 *(.isr_vector)
 .isr_vector    0x0000000008000000      0x18c Application/SW4STM32/startup_stm32l432xx.o
                0x0000000008000000                g_pfnVectors
                0x0000000008000190                . = ALIGN (0x8)
 *fill*         0x000000000800018c        0x4 

.text           0x0000000008000190     0x2218
                0x0000000008000190                . = ALIGN (0x8)
 *(.text)
 .text          0x0000000008000190       0x40 /home/kbisland/Ac6/SystemWorkbench/plugins/fr.ac6.mcu.externaltools.arm-none.linux64_1.17.0.201812190825/tools/compiler/bin/../lib/gcc/arm-none-eabi/7.3.1/thumb/v7e-m/fpv4-sp/hard/crtbegin.o
 *(.text*)
 .text.Reset_Handler
                0x00000000080001d0       0x50 Application/SW4STM32/startup_stm32l432xx.o
                0x00000000080001d0                Reset_Handler
 .text.Default_Handler
                0x0000000008000220        0x2 Application/SW4STM32/startup_stm32l432xx.o
                0x0000000008000220                RTC_Alarm_IRQHandler
                0x0000000008000220                TIM1_CC_IRQHandler
                0x0000000008000220                TSC_IRQHandler
                0x0000000008000220                TAMP_STAMP_IRQHandler
                0x0000000008000220                LPTIM2_IRQHandler
                0x0000000008000220                I2C3_ER_IRQHandler
                0x0000000008000220                CAN1_RX0_IRQHandler
                0x0000000008000220                FPU_IRQHandler
                0x0000000008000220                TIM1_UP_TIM16_IRQHandler
                0x0000000008000220                SPI1_IRQHandler
                0x0000000008000220                TIM6_DAC_IRQHandler
                0x0000000008000220                DMA2_Channel2_IRQHandler
                0x0000000008000220                DMA1_Channel4_IRQHandler
                0x0000000008000220                ADC1_IRQHandler
                0x0000000008000220                DMA1_Channel7_IRQHandler
                0x0000000008000220                CAN1_RX1_IRQHandler
                0x0000000008000220                QUADSPI_IRQHandler
                0x0000000008000220                I2C1_EV_IRQHandler
                0x0000000008000220                DMA1_Channel6_IRQHandler
                0x0000000008000220                DMA2_Channel4_IRQHandler
                0x0000000008000220                RCC_IRQHandler
                0x0000000008000220                TIM1_TRG_COM_IRQHandler
                0x0000000008000220                DMA1_Channel1_IRQHandler
                0x0000000008000220                Default_Handler
                0x0000000008000220                DMA2_Channel7_IRQHandler
                0x0000000008000220                I2C3_EV_IRQHandler
                0x0000000008000220                USB_IRQHandler
                0x0000000008000220                RTC_WKUP_IRQHandler
                0x0000000008000220                PVD_PVM_IRQHandler
                0x0000000008000220                CAN1_TX_IRQHandler
                0x0000000008000220                DMA2_Channel5_IRQHandler
                0x0000000008000220                CRS_IRQHandler
                0x0000000008000220                DMA1_Channel5_IRQHandler
                0x0000000008000220                RNG_IRQHandler
                0x0000000008000220                DMA1_Channel3_IRQHandler
                0x0000000008000220                COMP_IRQHandler
                0x0000000008000220                WWDG_IRQHandler
                0x0000000008000220                LPUART1_IRQHandler
                0x0000000008000220                DMA2_Channel6_IRQHandler
                0x0000000008000220                TIM2_IRQHandler
                0x0000000008000220                USART2_IRQHandler
                0x0000000008000220                DMA1_Channel2_IRQHandler
                0x0000000008000220                CAN1_SCE_IRQHandler
                0x0000000008000220                FLASH_IRQHandler
                0x0000000008000220                USART1_IRQHandler
                0x0000000008000220                SPI3_IRQHandler
                0x0000000008000220                I2C1_ER_IRQHandler
                0x0000000008000220                SWPMI1_IRQHandler
                0x0000000008000220                LPTIM1_IRQHandler
                0x0000000008000220                SAI1_IRQHandler
                0x0000000008000220                DMA2_Channel3_IRQHandler
                0x0000000008000220                TIM1_BRK_TIM15_IRQHandler
 *fill*         0x0000000008000222        0x2 
 .text.MX_GPIO_Init
                0x0000000008000224      0x18c Application/User/Core/main.o
 .text.MX_DMA_Init
                0x00000000080003b0       0x34 Application/User/Core/main.o
 .text.MX_TIM1_Init
                0x00000000080003e4       0xb0 Application/User/Core/main.o
 .text.MX_TIM16_Init
                0x0000000008000494       0x84 Application/User/Core/main.o
 .text.MX_TIM7_Init
                0x0000000008000518       0x3c Application/User/Core/main.o
 .text.MX_SPI3_Init
                0x0000000008000554       0x40 Application/User/Core/main.o
 .text.SystemClock_Config
                0x0000000008000594       0x62 Application/User/Core/main.o
                0x0000000008000594                SystemClock_Config
 *fill*         0x00000000080005f6        0x2 
 .text.main     0x00000000080005f8       0xcc Application/User/Core/main.o
                0x00000000080005f8                main
 .text.HAL_GPIO_EXTI_Callback
                0x00000000080006c4      0x1bc Application/User/Core/main.o
                0x00000000080006c4                HAL_GPIO_EXTI_Callback
 .text.runControllers
                0x0000000008000880      0x124 Application/User/Core/main.o
                0x0000000008000880                runControllers
 .text.Error_Handler
                0x00000000080009a4        0x2 Application/User/Core/main.o
                0x00000000080009a4                Error_Handler
 *fill*         0x00000000080009a6        0x2 
 .text.HAL_MspInit
                0x00000000080009a8       0x30 Application/User/Core/stm32l4xx_hal_msp.o
                0x00000000080009a8                HAL_MspInit
 .text.HAL_SPI_MspInit
                0x00000000080009d8       0xa8 Application/User/Core/stm32l4xx_hal_msp.o
                0x00000000080009d8                HAL_SPI_MspInit
 .text.HAL_TIM_PWM_MspInit
                0x0000000008000a80       0x2c Application/User/Core/stm32l4xx_hal_msp.o
                0x0000000008000a80                HAL_TIM_PWM_MspInit
 .text.HAL_TIM_Base_MspInit
                0x0000000008000aac       0x60 Application/User/Core/stm32l4xx_hal_msp.o
                0x0000000008000aac                HAL_TIM_Base_MspInit
 .text.HAL_TIM_MspPostInit
                0x0000000008000b0c       0xb4 Application/User/Core/stm32l4xx_hal_msp.o
                0x0000000008000b0c                HAL_TIM_MspPostInit
 .text.NMI_Handler
                0x0000000008000bc0        0x2 Application/User/Core/stm32l4xx_it.o
                0x0000000008000bc0                NMI_Handler
 .text.HardFault_Handler
                0x0000000008000bc2        0x2 Application/User/Core/stm32l4xx_it.o
                0x0000000008000bc2                HardFault_Handler
 .text.MemManage_Handler
                0x0000000008000bc4        0x2 Application/User/Core/stm32l4xx_it.o
                0x0000000008000bc4                MemManage_Handler
 .text.BusFault_Handler
                0x0000000008000bc6        0x2 Application/User/Core/stm32l4xx_it.o
                0x0000000008000bc6                BusFault_Handler
 .text.UsageFault_Handler
                0x0000000008000bc8        0x2 Application/User/Core/stm32l4xx_it.o
                0x0000000008000bc8                UsageFault_Handler
 .text.SVC_Handler
                0x0000000008000bca        0x2 Application/User/Core/stm32l4xx_it.o
                0x0000000008000bca                SVC_Handler
 .text.DebugMon_Handler
                0x0000000008000bcc        0x2 Application/User/Core/stm32l4xx_it.o
                0x0000000008000bcc                DebugMon_Handler
 .text.PendSV_Handler
                0x0000000008000bce        0x2 Application/User/Core/stm32l4xx_it.o
                0x0000000008000bce                PendSV_Handler
 .text.SysTick_Handler
                0x0000000008000bd0        0x8 Application/User/Core/stm32l4xx_it.o
                0x0000000008000bd0                SysTick_Handler
 .text.EXTI0_IRQHandler
                0x0000000008000bd8        0xa Application/User/Core/stm32l4xx_it.o
                0x0000000008000bd8                EXTI0_IRQHandler
 .text.EXTI1_IRQHandler
                0x0000000008000be2        0xa Application/User/Core/stm32l4xx_it.o
                0x0000000008000be2                EXTI1_IRQHandler
 .text.EXTI2_IRQHandler
                0x0000000008000bec        0xa Application/User/Core/stm32l4xx_it.o
                0x0000000008000bec                EXTI2_IRQHandler
 .text.EXTI3_IRQHandler
                0x0000000008000bf6        0xa Application/User/Core/stm32l4xx_it.o
                0x0000000008000bf6                EXTI3_IRQHandler
 .text.EXTI4_IRQHandler
                0x0000000008000c00        0xa Application/User/Core/stm32l4xx_it.o
                0x0000000008000c00                EXTI4_IRQHandler
 .text.EXTI9_5_IRQHandler
                0x0000000008000c0a       0x26 Application/User/Core/stm32l4xx_it.o
                0x0000000008000c0a                EXTI9_5_IRQHandler
 .text.EXTI15_10_IRQHandler
                0x0000000008000c30       0x1c Application/User/Core/stm32l4xx_it.o
                0x0000000008000c30                EXTI15_10_IRQHandler
 .text.TIM7_IRQHandler
                0x0000000008000c4c       0x14 Application/User/Core/stm32l4xx_it.o
                0x0000000008000c4c                TIM7_IRQHandler
 .text.DMA2_Channel1_IRQHandler
                0x0000000008000c60       0x10 Application/User/Core/stm32l4xx_it.o
                0x0000000008000c60                DMA2_Channel1_IRQHandler
 .text.SystemInit
                0x0000000008000c70       0x48 Drivers/CMSIS/system_stm32l4xx.o
                0x0000000008000c70                SystemInit
 .text.HAL_InitTick
                0x0000000008000cb8       0x34 Drivers/STM32L4xx_HAL_Driver/stm32l4xx_hal.o
                0x0000000008000cb8                HAL_InitTick
 .text.HAL_Init
                0x0000000008000cec       0x1e Drivers/STM32L4xx_HAL_Driver/stm32l4xx_hal.o
                0x0000000008000cec                HAL_Init
 *fill*         0x0000000008000d0a        0x2 
 .text.HAL_IncTick
                0x0000000008000d0c       0x10 Drivers/STM32L4xx_HAL_Driver/stm32l4xx_hal.o
                0x0000000008000d0c                HAL_IncTick
 .text.HAL_GetTick
                0x0000000008000d1c        0xc Drivers/STM32L4xx_HAL_Driver/stm32l4xx_hal.o
                0x0000000008000d1c                HAL_GetTick
 .text.HAL_Delay
                0x0000000008000d28       0x1e Drivers/STM32L4xx_HAL_Driver/stm32l4xx_hal.o
                0x0000000008000d28                HAL_Delay
 *fill*         0x0000000008000d46        0x2 
 .text.HAL_NVIC_SetPriorityGrouping
                0x0000000008000d48       0x24 Drivers/STM32L4xx_HAL_Driver/stm32l4xx_hal_cortex.o
                0x0000000008000d48                HAL_NVIC_SetPriorityGrouping
 .text.HAL_NVIC_SetPriority
                0x0000000008000d6c       0x68 Drivers/STM32L4xx_HAL_Driver/stm32l4xx_hal_cortex.o
                0x0000000008000d6c                HAL_NVIC_SetPriority
 .text.HAL_NVIC_EnableIRQ
                0x0000000008000dd4       0x18 Drivers/STM32L4xx_HAL_Driver/stm32l4xx_hal_cortex.o
                0x0000000008000dd4                HAL_NVIC_EnableIRQ
 .text.HAL_SYSTICK_Config
                0x0000000008000dec       0x2c Drivers/STM32L4xx_HAL_Driver/stm32l4xx_hal_cortex.o
                0x0000000008000dec                HAL_SYSTICK_Config
 .text.HAL_DMA_Init
                0x0000000008000e18       0xf8 Drivers/STM32L4xx_HAL_Driver/stm32l4xx_hal_dma.o
                0x0000000008000e18                HAL_DMA_Init
 .text.HAL_DMA_IRQHandler
                0x0000000008000f10       0xc4 Drivers/STM32L4xx_HAL_Driver/stm32l4xx_hal_dma.o
                0x0000000008000f10                HAL_DMA_IRQHandler
 .text.HAL_GPIO_Init
                0x0000000008000fd4      0x180 Drivers/STM32L4xx_HAL_Driver/stm32l4xx_hal_gpio.o
                0x0000000008000fd4                HAL_GPIO_Init
 .text.HAL_GPIO_WritePin
                0x0000000008001154        0xa Drivers/STM32L4xx_HAL_Driver/stm32l4xx_hal_gpio.o
                0x0000000008001154                HAL_GPIO_WritePin
 .text.HAL_GPIO_TogglePin
                0x000000000800115e        0x8 Drivers/STM32L4xx_HAL_Driver/stm32l4xx_hal_gpio.o
                0x000000000800115e                HAL_GPIO_TogglePin
 *fill*         0x0000000008001166        0x2 
 .text.HAL_GPIO_EXTI_IRQHandler
                0x0000000008001168       0x1c Drivers/STM32L4xx_HAL_Driver/stm32l4xx_hal_gpio.o
                0x0000000008001168                HAL_GPIO_EXTI_IRQHandler
 .text.HAL_PWREx_GetVoltageRange
                0x0000000008001184       0x10 Drivers/STM32L4xx_HAL_Driver/stm32l4xx_hal_pwr_ex.o
                0x0000000008001184                HAL_PWREx_GetVoltageRange
 .text.HAL_PWREx_ControlVoltageScaling
                0x0000000008001194       0x90 Drivers/STM32L4xx_HAL_Driver/stm32l4xx_hal_pwr_ex.o
                0x0000000008001194                HAL_PWREx_ControlVoltageScaling
 .text.RCC_SetFlashLatencyFromMSIRange
                0x0000000008001224       0x90 Drivers/STM32L4xx_HAL_Driver/stm32l4xx_hal_rcc.o
 .text.HAL_RCC_GetSysClockFreq
                0x00000000080012b4       0xd8 Drivers/STM32L4xx_HAL_Driver/stm32l4xx_hal_rcc.o
                0x00000000080012b4                HAL_RCC_GetSysClockFreq
 .text.HAL_RCC_OscConfig
                0x000000000800138c      0x5b4 Drivers/STM32L4xx_HAL_Driver/stm32l4xx_hal_rcc.o
                0x000000000800138c                HAL_RCC_OscConfig
 .text.HAL_RCC_ClockConfig
                0x0000000008001940      0x154 Drivers/STM32L4xx_HAL_Driver/stm32l4xx_hal_rcc.o
                0x0000000008001940                HAL_RCC_ClockConfig
 .text.HAL_RCC_GetHCLKFreq
                0x0000000008001a94        0xc Drivers/STM32L4xx_HAL_Driver/stm32l4xx_hal_rcc.o
                0x0000000008001a94                HAL_RCC_GetHCLKFreq
 .text.HAL_RCC_GetPCLK2Freq
                0x0000000008001aa0       0x24 Drivers/STM32L4xx_HAL_Driver/stm32l4xx_hal_rcc.o
                0x0000000008001aa0                HAL_RCC_GetPCLK2Freq
 .text.HAL_SPI_Init
                0x0000000008001ac4       0xb0 Drivers/STM32L4xx_HAL_Driver/stm32l4xx_hal_spi.o
                0x0000000008001ac4                HAL_SPI_Init
 .text.TIM_OC1_SetConfig
                0x0000000008001b74       0x7c Drivers/STM32L4xx_HAL_Driver/stm32l4xx_hal_tim.o
 .text.TIM_OC3_SetConfig
                0x0000000008001bf0       0x74 Drivers/STM32L4xx_HAL_Driver/stm32l4xx_hal_tim.o
 .text.TIM_OC4_SetConfig
                0x0000000008001c64       0x5c Drivers/STM32L4xx_HAL_Driver/stm32l4xx_hal_tim.o
 .text.TIM_OC5_SetConfig
                0x0000000008001cc0       0x58 Drivers/STM32L4xx_HAL_Driver/stm32l4xx_hal_tim.o
 .text.TIM_OC6_SetConfig
                0x0000000008001d18       0x5c Drivers/STM32L4xx_HAL_Driver/stm32l4xx_hal_tim.o
 .text.HAL_TIM_Base_Start
                0x0000000008001d74       0x34 Drivers/STM32L4xx_HAL_Driver/stm32l4xx_hal_tim.o
                0x0000000008001d74                HAL_TIM_Base_Start
 .text.HAL_TIM_PeriodElapsedCallback
                0x0000000008001da8        0x2 Drivers/STM32L4xx_HAL_Driver/stm32l4xx_hal_tim.o
                0x0000000008001da8                HAL_TIM_PeriodElapsedCallback
 .text.HAL_TIM_OC_DelayElapsedCallback
                0x0000000008001daa        0x2 Drivers/STM32L4xx_HAL_Driver/stm32l4xx_hal_tim.o
                0x0000000008001daa                HAL_TIM_OC_DelayElapsedCallback
 .text.HAL_TIM_IC_CaptureCallback
                0x0000000008001dac        0x2 Drivers/STM32L4xx_HAL_Driver/stm32l4xx_hal_tim.o
                0x0000000008001dac                HAL_TIM_IC_CaptureCallback
 .text.HAL_TIM_PWM_PulseFinishedCallback
                0x0000000008001dae        0x2 Drivers/STM32L4xx_HAL_Driver/stm32l4xx_hal_tim.o
                0x0000000008001dae                HAL_TIM_PWM_PulseFinishedCallback
 .text.HAL_TIM_TriggerCallback
                0x0000000008001db0        0x2 Drivers/STM32L4xx_HAL_Driver/stm32l4xx_hal_tim.o
                0x0000000008001db0                HAL_TIM_TriggerCallback
 .text.HAL_TIM_IRQHandler
                0x0000000008001db2      0x19a Drivers/STM32L4xx_HAL_Driver/stm32l4xx_hal_tim.o
                0x0000000008001db2                HAL_TIM_IRQHandler
 .text.TIM_Base_SetConfig
                0x0000000008001f4c       0x70 Drivers/STM32L4xx_HAL_Driver/stm32l4xx_hal_tim.o
                0x0000000008001f4c                TIM_Base_SetConfig
 .text.HAL_TIM_Base_Init
                0x0000000008001fbc       0x32 Drivers/STM32L4xx_HAL_Driver/stm32l4xx_hal_tim.o
                0x0000000008001fbc                HAL_TIM_Base_Init
 .text.HAL_TIM_PWM_Init
                0x0000000008001fee       0x32 Drivers/STM32L4xx_HAL_Driver/stm32l4xx_hal_tim.o
                0x0000000008001fee                HAL_TIM_PWM_Init
 .text.TIM_OC2_SetConfig
                0x0000000008002020       0x78 Drivers/STM32L4xx_HAL_Driver/stm32l4xx_hal_tim.o
                0x0000000008002020                TIM_OC2_SetConfig
 .text.HAL_TIM_PWM_ConfigChannel
                0x0000000008002098      0x134 Drivers/STM32L4xx_HAL_Driver/stm32l4xx_hal_tim.o
                0x0000000008002098                HAL_TIM_PWM_ConfigChannel
 .text.TIM_CCxChannelCmd
                0x00000000080021cc       0x22 Drivers/STM32L4xx_HAL_Driver/stm32l4xx_hal_tim.o
                0x00000000080021cc                TIM_CCxChannelCmd
 *fill*         0x00000000080021ee        0x2 
 .text.HAL_TIM_PWM_Start
                0x00000000080021f0       0x58 Drivers/STM32L4xx_HAL_Driver/stm32l4xx_hal_tim.o
                0x00000000080021f0                HAL_TIM_PWM_Start
 .text.HAL_TIMEx_MasterConfigSynchronization
                0x0000000008002248       0x5c Drivers/STM32L4xx_HAL_Driver/stm32l4xx_hal_tim_ex.o
                0x0000000008002248                HAL_TIMEx_MasterConfigSynchronization
 .text.HAL_TIMEx_ConfigBreakDeadTime
                0x00000000080022a4       0x88 Drivers/STM32L4xx_HAL_Driver/stm32l4xx_hal_tim_ex.o
                0x00000000080022a4                HAL_TIMEx_ConfigBreakDeadTime
 .text.HAL_TIMEx_CommutationCallback
                0x000000000800232c        0x2 Drivers/STM32L4xx_HAL_Driver/stm32l4xx_hal_tim_ex.o
                0x000000000800232c                HAL_TIMEx_CommutationCallback
 .text.HAL_TIMEx_BreakCallback
                0x000000000800232e        0x2 Drivers/STM32L4xx_HAL_Driver/stm32l4xx_hal_tim_ex.o
                0x000000000800232e                HAL_TIMEx_BreakCallback
 .text.HAL_TIMEx_Break2Callback
                0x0000000008002330        0x2 Drivers/STM32L4xx_HAL_Driver/stm32l4xx_hal_tim_ex.o
                0x0000000008002330                HAL_TIMEx_Break2Callback
 *fill*         0x0000000008002332        0x2 
 .text.__libc_init_array
                0x0000000008002334       0x48 /home/kbisland/Ac6/SystemWorkbench/plugins/fr.ac6.mcu.externaltools.arm-none.linux64_1.17.0.201812190825/tools/compiler/bin/../lib/gcc/arm-none-eabi/7.3.1/../../../../arm-none-eabi/lib/thumb/v7e-m/fpv4-sp/hard/libc_nano.a(lib_a-init.o)
                0x0000000008002334                __libc_init_array
 .text.memset   0x000000000800237c       0x10 /home/kbisland/Ac6/SystemWorkbench/plugins/fr.ac6.mcu.externaltools.arm-none.linux64_1.17.0.201812190825/tools/compiler/bin/../lib/gcc/arm-none-eabi/7.3.1/../../../../arm-none-eabi/lib/thumb/v7e-m/fpv4-sp/hard/libc_nano.a(lib_a-memset.o)
                0x000000000800237c                memset
 *(.glue_7)
 .glue_7        0x000000000800238c        0x0 linker stubs
 *(.glue_7t)
 .glue_7t       0x000000000800238c        0x0 linker stubs
 *(.eh_frame)
 .eh_frame      0x000000000800238c        0x0 /home/kbisland/Ac6/SystemWorkbench/plugins/fr.ac6.mcu.externaltools.arm-none.linux64_1.17.0.201812190825/tools/compiler/bin/../lib/gcc/arm-none-eabi/7.3.1/thumb/v7e-m/fpv4-sp/hard/crtbegin.o
 *(.init)
 .init          0x000000000800238c        0x4 /home/kbisland/Ac6/SystemWorkbench/plugins/fr.ac6.mcu.externaltools.arm-none.linux64_1.17.0.201812190825/tools/compiler/bin/../lib/gcc/arm-none-eabi/7.3.1/thumb/v7e-m/fpv4-sp/hard/crti.o
                0x000000000800238c                _init
 .init          0x0000000008002390        0x8 /home/kbisland/Ac6/SystemWorkbench/plugins/fr.ac6.mcu.externaltools.arm-none.linux64_1.17.0.201812190825/tools/compiler/bin/../lib/gcc/arm-none-eabi/7.3.1/thumb/v7e-m/fpv4-sp/hard/crtn.o
 *(.fini)
 .fini          0x0000000008002398        0x4 /home/kbisland/Ac6/SystemWorkbench/plugins/fr.ac6.mcu.externaltools.arm-none.linux64_1.17.0.201812190825/tools/compiler/bin/../lib/gcc/arm-none-eabi/7.3.1/thumb/v7e-m/fpv4-sp/hard/crti.o
                0x0000000008002398                _fini
 .fini          0x000000000800239c        0x8 /home/kbisland/Ac6/SystemWorkbench/plugins/fr.ac6.mcu.externaltools.arm-none.linux64_1.17.0.201812190825/tools/compiler/bin/../lib/gcc/arm-none-eabi/7.3.1/thumb/v7e-m/fpv4-sp/hard/crtn.o
                0x00000000080023a8                . = ALIGN (0x8)
 *fill*         0x00000000080023a4        0x4 
                0x00000000080023a8                _etext = .

.vfp11_veneer   0x00000000080023a8        0x0
 .vfp11_veneer  0x00000000080023a8        0x0 linker stubs

.v4_bx          0x00000000080023a8        0x0
 .v4_bx         0x00000000080023a8        0x0 linker stubs

.iplt           0x00000000080023a8        0x0
 .iplt          0x00000000080023a8        0x0 /home/kbisland/Ac6/SystemWorkbench/plugins/fr.ac6.mcu.externaltools.arm-none.linux64_1.17.0.201812190825/tools/compiler/bin/../lib/gcc/arm-none-eabi/7.3.1/thumb/v7e-m/fpv4-sp/hard/crtbegin.o

.rodata         0x00000000080023a8       0x48
                0x00000000080023a8                . = ALIGN (0x8)
 *(.rodata)
 .rodata        0x00000000080023a8       0x48 Drivers/CMSIS/system_stm32l4xx.o
                0x00000000080023a8                MSIRangeTable
                0x00000000080023d8                AHBPrescTable
                0x00000000080023e8                APBPrescTable
 *(.rodata*)
                0x00000000080023f0                . = ALIGN (0x8)

.rel.dyn        0x00000000080023f0        0x0
 .rel.iplt      0x00000000080023f0        0x0 /home/kbisland/Ac6/SystemWorkbench/plugins/fr.ac6.mcu.externaltools.arm-none.linux64_1.17.0.201812190825/tools/compiler/bin/../lib/gcc/arm-none-eabi/7.3.1/thumb/v7e-m/fpv4-sp/hard/crtbegin.o

.ARM.extab      0x00000000080023f0        0x0
                0x00000000080023f0                . = ALIGN (0x8)
 *(.ARM.extab* .gnu.linkonce.armextab.*)
                0x00000000080023f0                . = ALIGN (0x8)

.ARM            0x00000000080023f0        0x0
                0x00000000080023f0                . = ALIGN (0x8)
                0x00000000080023f0                __exidx_start = .
 *(.ARM.exidx*)
                0x00000000080023f0                __exidx_end = .
                0x00000000080023f0                . = ALIGN (0x8)

.preinit_array  0x00000000080023f0        0x0
                0x00000000080023f0                . = ALIGN (0x8)
                0x00000000080023f0                PROVIDE (__preinit_array_start = .)
 *(.preinit_array*)
                0x00000000080023f0                PROVIDE (__preinit_array_end = .)
                0x00000000080023f0                . = ALIGN (0x8)

.init_array     0x00000000080023f0        0x8
                0x00000000080023f0                . = ALIGN (0x8)
                0x00000000080023f0                PROVIDE (__init_array_start = .)
 *(SORT_BY_NAME(.init_array.*))
 *(.init_array*)
 .init_array    0x00000000080023f0        0x4 /home/kbisland/Ac6/SystemWorkbench/plugins/fr.ac6.mcu.externaltools.arm-none.linux64_1.17.0.201812190825/tools/compiler/bin/../lib/gcc/arm-none-eabi/7.3.1/thumb/v7e-m/fpv4-sp/hard/crtbegin.o
                0x00000000080023f4                PROVIDE (__init_array_end = .)
                0x00000000080023f8                . = ALIGN (0x8)
 *fill*         0x00000000080023f4        0x4 

.fini_array     0x00000000080023f8        0x8
                0x00000000080023f8                . = ALIGN (0x8)
                [!provide]                        PROVIDE (__fini_array_start = .)
 *(SORT_BY_NAME(.fini_array.*))
 *(.fini_array*)
 .fini_array    0x00000000080023f8        0x4 /home/kbisland/Ac6/SystemWorkbench/plugins/fr.ac6.mcu.externaltools.arm-none.linux64_1.17.0.201812190825/tools/compiler/bin/../lib/gcc/arm-none-eabi/7.3.1/thumb/v7e-m/fpv4-sp/hard/crtbegin.o
                [!provide]                        PROVIDE (__fini_array_end = .)
                0x0000000008002400                . = ALIGN (0x8)
 *fill*         0x00000000080023fc        0x4 
                0x0000000008002400                _sidata = LOADADDR (.data)

.data           0x0000000020000000        0x8 load address 0x0000000008002400
                0x0000000020000000                . = ALIGN (0x8)
                0x0000000020000000                _sdata = .
 *(.data)
 .data          0x0000000020000000        0x4 Drivers/CMSIS/system_stm32l4xx.o
                0x0000000020000000                SystemCoreClock
 *(.data*)
                0x0000000020000008                . = ALIGN (0x8)
 *fill*         0x0000000020000004        0x4 
                0x0000000020000008                _edata = .

.igot.plt       0x0000000020000008        0x0 load address 0x0000000008002408
 .igot.plt      0x0000000020000008        0x0 /home/kbisland/Ac6/SystemWorkbench/plugins/fr.ac6.mcu.externaltools.arm-none.linux64_1.17.0.201812190825/tools/compiler/bin/../lib/gcc/arm-none-eabi/7.3.1/thumb/v7e-m/fpv4-sp/hard/crtbegin.o
                0x0000000020000008                . = ALIGN (0x4)

.bss            0x0000000020000008      0x21c load address 0x0000000008002408
                0x0000000020000008                _sbss = .
                0x0000000020000008                __bss_start__ = _sbss
 *(.bss)
 .bss           0x0000000020000008       0x1c /home/kbisland/Ac6/SystemWorkbench/plugins/fr.ac6.mcu.externaltools.arm-none.linux64_1.17.0.201812190825/tools/compiler/bin/../lib/gcc/arm-none-eabi/7.3.1/thumb/v7e-m/fpv4-sp/hard/crtbegin.o
 *fill*         0x0000000020000024        0x4 
 .bss           0x0000000020000028       0x28 Application/User/Core/stm32l4xx_it.o
                0x0000000020000028                m4Homed
                0x0000000020000029                m3Homed
                0x000000002000002a                m2Homed
                0x000000002000002b                m1Homed
                0x0000000020000030                m4Enc
                0x0000000020000038                m3Enc
                0x0000000020000040                m2Enc
                0x0000000020000048                m1Enc
 *(.bss*)
 *(COMMON)
 COMMON         0x0000000020000050      0x1d0 Application/User/Core/main.o
                0x0000000020000050                M1Out
                0x0000000020000054                m3B
                0x0000000020000058                M4
                0x000000002000006c                m2B
                0x000000002000006d                m1B
                0x0000000020000070                M2Out
                0x0000000020000074                m4A
                0x0000000020000078                hspi3
                0x00000000200000dc                M3Out
                0x00000000200000e0                PCLK1_Freq
                0x00000000200000e4                M3
                0x00000000200000f8                m3A
                0x00000000200000fc                htim1
                0x000000002000013c                m1A
                0x000000002000013d                m4B
                0x000000002000013e                m2A
                0x0000000020000140                M2
                0x0000000020000154                htim16
                0x0000000020000194                htim7
                0x00000000200001d4                M4Out
                0x00000000200001d8                hdma_spi3_rx
 COMMON         0x0000000020000220        0x4 Drivers/STM32L4xx_HAL_Driver/stm32l4xx_hal.o
                0x0000000020000220                uwTick
                0x0000000020000224                . = ALIGN (0x4)
                0x0000000020000224                _ebss = .
                0x0000000020000224                __bss_end__ = _ebss

._user_heap_stack
                0x0000000020000224      0x604 load address 0x0000000008002408
                0x0000000020000228                . = ALIGN (0x8)
 *fill*         0x0000000020000224        0x4 
                0x0000000020000228                PROVIDE (end = .)
                [!provide]                        PROVIDE (_end = .)
                0x0000000020000428                . = (. + _Min_Heap_Size)
 *fill*         0x0000000020000228      0x200 
                0x0000000020000828                . = (. + _Min_Stack_Size)
 *fill*         0x0000000020000428      0x400 
                0x0000000020000828                . = ALIGN (0x8)

/DISCARD/
 libc.a(*)
 libm.a(*)
 libgcc.a(*)

.ARM.attributes
                0x0000000000000000       0x30
 *(.ARM.attributes)
 .ARM.attributes
                0x0000000000000000       0x22 /home/kbisland/Ac6/SystemWorkbench/plugins/fr.ac6.mcu.externaltools.arm-none.linux64_1.17.0.201812190825/tools/compiler/bin/../lib/gcc/arm-none-eabi/7.3.1/thumb/v7e-m/fpv4-sp/hard/crti.o
 .ARM.attributes
                0x0000000000000022       0x34 /home/kbisland/Ac6/SystemWorkbench/plugins/fr.ac6.mcu.externaltools.arm-none.linux64_1.17.0.201812190825/tools/compiler/bin/../lib/gcc/arm-none-eabi/7.3.1/thumb/v7e-m/fpv4-sp/hard/crtbegin.o
 .ARM.attributes
                0x0000000000000056       0x21 Application/SW4STM32/startup_stm32l432xx.o
 .ARM.attributes
                0x0000000000000077       0x39 Application/User/Core/main.o
 .ARM.attributes
                0x00000000000000b0       0x39 Application/User/Core/stm32l4xx_hal_msp.o
 .ARM.attributes
                0x00000000000000e9       0x39 Application/User/Core/stm32l4xx_it.o
 .ARM.attributes
                0x0000000000000122       0x39 Drivers/CMSIS/system_stm32l4xx.o
 .ARM.attributes
                0x000000000000015b       0x39 Drivers/STM32L4xx_HAL_Driver/stm32l4xx_hal.o
 .ARM.attributes
                0x0000000000000194       0x39 Drivers/STM32L4xx_HAL_Driver/stm32l4xx_hal_cortex.o
 .ARM.attributes
                0x00000000000001cd       0x39 Drivers/STM32L4xx_HAL_Driver/stm32l4xx_hal_dma.o
 .ARM.attributes
                0x0000000000000206       0x39 Drivers/STM32L4xx_HAL_Driver/stm32l4xx_hal_gpio.o
 .ARM.attributes
                0x000000000000023f       0x39 Drivers/STM32L4xx_HAL_Driver/stm32l4xx_hal_pwr_ex.o
 .ARM.attributes
                0x0000000000000278       0x39 Drivers/STM32L4xx_HAL_Driver/stm32l4xx_hal_rcc.o
 .ARM.attributes
                0x00000000000002b1       0x39 Drivers/STM32L4xx_HAL_Driver/stm32l4xx_hal_spi.o
 .ARM.attributes
                0x00000000000002ea       0x39 Drivers/STM32L4xx_HAL_Driver/stm32l4xx_hal_tim.o
 .ARM.attributes
                0x0000000000000323       0x39 Drivers/STM32L4xx_HAL_Driver/stm32l4xx_hal_tim_ex.o
 .ARM.attributes
                0x000000000000035c       0x34 /home/kbisland/Ac6/SystemWorkbench/plugins/fr.ac6.mcu.externaltools.arm-none.linux64_1.17.0.201812190825/tools/compiler/bin/../lib/gcc/arm-none-eabi/7.3.1/../../../../arm-none-eabi/lib/thumb/v7e-m/fpv4-sp/hard/libc_nano.a(lib_a-init.o)
 .ARM.attributes
                0x0000000000000390       0x34 /home/kbisland/Ac6/SystemWorkbench/plugins/fr.ac6.mcu.externaltools.arm-none.linux64_1.17.0.201812190825/tools/compiler/bin/../lib/gcc/arm-none-eabi/7.3.1/../../../../arm-none-eabi/lib/thumb/v7e-m/fpv4-sp/hard/libc_nano.a(lib_a-memset.o)
 .ARM.attributes
                0x00000000000003c4       0x22 /home/kbisland/Ac6/SystemWorkbench/plugins/fr.ac6.mcu.externaltools.arm-none.linux64_1.17.0.201812190825/tools/compiler/bin/../lib/gcc/arm-none-eabi/7.3.1/thumb/v7e-m/fpv4-sp/hard/crtn.o
OUTPUT(TailController.elf elf32-littlearm)

.debug_line     0x0000000000000000     0x955b
 .debug_line    0x0000000000000000       0x9b Application/SW4STM32/startup_stm32l432xx.o
 .debug_line    0x000000000000009b      0x9ca Application/User/Core/main.o
 .debug_line    0x0000000000000a65      0x803 Application/User/Core/stm32l4xx_hal_msp.o
 .debug_line    0x0000000000001268      0x86d Application/User/Core/stm32l4xx_it.o
 .debug_line    0x0000000000001ad5      0x75f Drivers/CMSIS/system_stm32l4xx.o
 .debug_line    0x0000000000002234      0x91f Drivers/STM32L4xx_HAL_Driver/stm32l4xx_hal.o
 .debug_line    0x0000000000002b53      0x955 Drivers/STM32L4xx_HAL_Driver/stm32l4xx_hal_cortex.o
 .debug_line    0x00000000000034a8      0x99c Drivers/STM32L4xx_HAL_Driver/stm32l4xx_hal_dma.o
 .debug_line    0x0000000000003e44      0x86f Drivers/STM32L4xx_HAL_Driver/stm32l4xx_hal_gpio.o
 .debug_line    0x00000000000046b3      0xa83 Drivers/STM32L4xx_HAL_Driver/stm32l4xx_hal_pwr_ex.o
 .debug_line    0x0000000000005136      0xaa1 Drivers/STM32L4xx_HAL_Driver/stm32l4xx_hal_rcc.o
 .debug_line    0x0000000000005bd7     0x126d Drivers/STM32L4xx_HAL_Driver/stm32l4xx_hal_spi.o
 .debug_line    0x0000000000006e44     0x190c Drivers/STM32L4xx_HAL_Driver/stm32l4xx_hal_tim.o
 .debug_line    0x0000000000008750      0xe0b Drivers/STM32L4xx_HAL_Driver/stm32l4xx_hal_tim_ex.o

.debug_info     0x0000000000000000     0xe0ed
 .debug_info    0x0000000000000000       0x22 Application/SW4STM32/startup_stm32l432xx.o
 .debug_info    0x0000000000000022     0x1c08 Application/User/Core/main.o
 .debug_info    0x0000000000001c2a     0x1130 Application/User/Core/stm32l4xx_hal_msp.o
 .debug_info    0x0000000000002d5a      0x9b1 Application/User/Core/stm32l4xx_it.o
 .debug_info    0x000000000000370b      0x5da Drivers/CMSIS/system_stm32l4xx.o
 .debug_info    0x0000000000003ce5      0x982 Drivers/STM32L4xx_HAL_Driver/stm32l4xx_hal.o
 .debug_info    0x0000000000004667      0xef0 Drivers/STM32L4xx_HAL_Driver/stm32l4xx_hal_cortex.o
 .debug_info    0x0000000000005557      0x84c Drivers/STM32L4xx_HAL_Driver/stm32l4xx_hal_dma.o
 .debug_info    0x0000000000005da3      0x85c Drivers/STM32L4xx_HAL_Driver/stm32l4xx_hal_gpio.o
 .debug_info    0x00000000000065ff      0xa46 Drivers/STM32L4xx_HAL_Driver/stm32l4xx_hal_pwr_ex.o
 .debug_info    0x0000000000007045      0xde8 Drivers/STM32L4xx_HAL_Driver/stm32l4xx_hal_rcc.o
 .debug_info    0x0000000000007e2d     0x1de1 Drivers/STM32L4xx_HAL_Driver/stm32l4xx_hal_spi.o
 .debug_info    0x0000000000009c0e     0x2fc2 Drivers/STM32L4xx_HAL_Driver/stm32l4xx_hal_tim.o
 .debug_info    0x000000000000cbd0     0x151d Drivers/STM32L4xx_HAL_Driver/stm32l4xx_hal_tim_ex.o

.debug_abbrev   0x0000000000000000     0x1c02
 .debug_abbrev  0x0000000000000000       0x12 Application/SW4STM32/startup_stm32l432xx.o
 .debug_abbrev  0x0000000000000012      0x2c9 Application/User/Core/main.o
 .debug_abbrev  0x00000000000002db      0x244 Application/User/Core/stm32l4xx_hal_msp.o
 .debug_abbrev  0x000000000000051f      0x1e7 Application/User/Core/stm32l4xx_it.o
 .debug_abbrev  0x0000000000000706      0x134 Drivers/CMSIS/system_stm32l4xx.o
 .debug_abbrev  0x000000000000083a      0x1fc Drivers/STM32L4xx_HAL_Driver/stm32l4xx_hal.o
 .debug_abbrev  0x0000000000000a36      0x2fa Drivers/STM32L4xx_HAL_Driver/stm32l4xx_hal_cortex.o
 .debug_abbrev  0x0000000000000d30      0x233 Drivers/STM32L4xx_HAL_Driver/stm32l4xx_hal_dma.o
 .debug_abbrev  0x0000000000000f63      0x1de Drivers/STM32L4xx_HAL_Driver/stm32l4xx_hal_gpio.o
 .debug_abbrev  0x0000000000001141      0x1fc Drivers/STM32L4xx_HAL_Driver/stm32l4xx_hal_pwr_ex.o
 .debug_abbrev  0x000000000000133d      0x22c Drivers/STM32L4xx_HAL_Driver/stm32l4xx_hal_rcc.o
 .debug_abbrev  0x0000000000001569      0x238 Drivers/STM32L4xx_HAL_Driver/stm32l4xx_hal_spi.o
 .debug_abbrev  0x00000000000017a1      0x21b Drivers/STM32L4xx_HAL_Driver/stm32l4xx_hal_tim.o
 .debug_abbrev  0x00000000000019bc      0x246 Drivers/STM32L4xx_HAL_Driver/stm32l4xx_hal_tim_ex.o

.debug_aranges  0x0000000000000000      0xc68
 .debug_aranges
                0x0000000000000000       0x28 Application/SW4STM32/startup_stm32l432xx.o
 .debug_aranges
                0x0000000000000028       0x70 Application/User/Core/main.o
 .debug_aranges
                0x0000000000000098       0x58 Application/User/Core/stm32l4xx_hal_msp.o
 .debug_aranges
                0x00000000000000f0       0xa8 Application/User/Core/stm32l4xx_it.o
 .debug_aranges
                0x0000000000000198       0x28 Drivers/CMSIS/system_stm32l4xx.o
 .debug_aranges
                0x00000000000001c0       0xf0 Drivers/STM32L4xx_HAL_Driver/stm32l4xx_hal.o
 .debug_aranges
                0x00000000000002b0       0xa8 Drivers/STM32L4xx_HAL_Driver/stm32l4xx_hal_cortex.o
 .debug_aranges
                0x0000000000000358       0x80 Drivers/STM32L4xx_HAL_Driver/stm32l4xx_hal_dma.o
 .debug_aranges
                0x00000000000003d8       0x58 Drivers/STM32L4xx_HAL_Driver/stm32l4xx_hal_gpio.o
 .debug_aranges
                0x0000000000000430      0x108 Drivers/STM32L4xx_HAL_Driver/stm32l4xx_hal_pwr_ex.o
 .debug_aranges
                0x0000000000000538       0x88 Drivers/STM32L4xx_HAL_Driver/stm32l4xx_hal_rcc.o
 .debug_aranges
                0x00000000000005c0      0x1d8 Drivers/STM32L4xx_HAL_Driver/stm32l4xx_hal_spi.o
 .debug_aranges
                0x0000000000000798      0x378 Drivers/STM32L4xx_HAL_Driver/stm32l4xx_hal_tim.o
 .debug_aranges
                0x0000000000000b10      0x158 Drivers/STM32L4xx_HAL_Driver/stm32l4xx_hal_tim_ex.o

.debug_str      0x0000000000000000    0xbfc44
 .debug_str     0x0000000000000000       0x87 Application/SW4STM32/startup_stm32l432xx.o
 .debug_str     0x0000000000000087    0xbcdcf Application/User/Core/main.o
                                      0xbd21d (size before relaxing)
 .debug_str     0x00000000000bce56      0x11c Application/User/Core/stm32l4xx_hal_msp.o
                                      0xbccf7 (size before relaxing)
 .debug_str     0x00000000000bcf72      0x1c9 Application/User/Core/stm32l4xx_it.o
                                      0xbc664 (size before relaxing)
 .debug_str     0x00000000000bd13b       0xe8 Drivers/CMSIS/system_stm32l4xx.o
                                      0xbbdb7 (size before relaxing)
 .debug_str     0x00000000000bd223      0x4d3 Drivers/STM32L4xx_HAL_Driver/stm32l4xx_hal.o
                                      0xbc698 (size before relaxing)
 .debug_str     0x00000000000bd6f6      0x347 Drivers/STM32L4xx_HAL_Driver/stm32l4xx_hal_cortex.o
                                      0xbc4e1 (size before relaxing)
 .debug_str     0x00000000000bda3d      0x244 Drivers/STM32L4xx_HAL_Driver/stm32l4xx_hal_dma.o
                                      0xbc04f (size before relaxing)
 .debug_str     0x00000000000bdc81      0x1c7 Drivers/STM32L4xx_HAL_Driver/stm32l4xx_hal_gpio.o
                                      0xbc031 (size before relaxing)
 .debug_str     0x00000000000bde48      0x40c Drivers/STM32L4xx_HAL_Driver/stm32l4xx_hal_pwr_ex.o
                                      0xbc211 (size before relaxing)
 .debug_str     0x00000000000be254      0x36a Drivers/STM32L4xx_HAL_Driver/stm32l4xx_hal_rcc.o
                                      0xbc369 (size before relaxing)
 .debug_str     0x00000000000be5be      0x580 Drivers/STM32L4xx_HAL_Driver/stm32l4xx_hal_spi.o
                                      0xbc5b9 (size before relaxing)
 .debug_str     0x00000000000beb3e      0xc40 Drivers/STM32L4xx_HAL_Driver/stm32l4xx_hal_tim.o
                                      0xbcdff (size before relaxing)
 .debug_str     0x00000000000bf77e      0x4c6 Drivers/STM32L4xx_HAL_Driver/stm32l4xx_hal_tim_ex.o
                                      0xbc7ca (size before relaxing)

.debug_ranges   0x0000000000000000      0xc30
 .debug_ranges  0x0000000000000000       0x20 Application/SW4STM32/startup_stm32l432xx.o
 .debug_ranges  0x0000000000000020       0x88 Application/User/Core/main.o
 .debug_ranges  0x00000000000000a8       0x48 Application/User/Core/stm32l4xx_hal_msp.o
 .debug_ranges  0x00000000000000f0       0x98 Application/User/Core/stm32l4xx_it.o
 .debug_ranges  0x0000000000000188       0x18 Drivers/CMSIS/system_stm32l4xx.o
 .debug_ranges  0x00000000000001a0       0xe0 Drivers/STM32L4xx_HAL_Driver/stm32l4xx_hal.o
 .debug_ranges  0x0000000000000280       0xf8 Drivers/STM32L4xx_HAL_Driver/stm32l4xx_hal_cortex.o
 .debug_ranges  0x0000000000000378       0x70 Drivers/STM32L4xx_HAL_Driver/stm32l4xx_hal_dma.o
 .debug_ranges  0x00000000000003e8       0x48 Drivers/STM32L4xx_HAL_Driver/stm32l4xx_hal_gpio.o
 .debug_ranges  0x0000000000000430       0xf8 Drivers/STM32L4xx_HAL_Driver/stm32l4xx_hal_pwr_ex.o
 .debug_ranges  0x0000000000000528       0x90 Drivers/STM32L4xx_HAL_Driver/stm32l4xx_hal_rcc.o
 .debug_ranges  0x00000000000005b8      0x1c8 Drivers/STM32L4xx_HAL_Driver/stm32l4xx_hal_spi.o
 .debug_ranges  0x0000000000000780      0x368 Drivers/STM32L4xx_HAL_Driver/stm32l4xx_hal_tim.o
 .debug_ranges  0x0000000000000ae8      0x148 Drivers/STM32L4xx_HAL_Driver/stm32l4xx_hal_tim_ex.o

.debug_loc      0x0000000000000000     0x8a02
 .debug_loc     0x0000000000000000       0x85 Application/User/Core/main.o
 .debug_loc     0x0000000000000085      0x140 Application/User/Core/stm32l4xx_hal_msp.o
 .debug_loc     0x00000000000001c5      0x1b8 Drivers/CMSIS/system_stm32l4xx.o
 .debug_loc     0x000000000000037d       0xbe Drivers/STM32L4xx_HAL_Driver/stm32l4xx_hal.o
 .debug_loc     0x000000000000043b      0x5ce Drivers/STM32L4xx_HAL_Driver/stm32l4xx_hal_cortex.o
 .debug_loc     0x0000000000000a09      0x79c Drivers/STM32L4xx_HAL_Driver/stm32l4xx_hal_dma.o
 .debug_loc     0x00000000000011a5      0x353 Drivers/STM32L4xx_HAL_Driver/stm32l4xx_hal_gpio.o
 .debug_loc     0x00000000000014f8      0x5dc Drivers/STM32L4xx_HAL_Driver/stm32l4xx_hal_pwr_ex.o
 .debug_loc     0x0000000000001ad4      0x624 Drivers/STM32L4xx_HAL_Driver/stm32l4xx_hal_rcc.o
 .debug_loc     0x00000000000020f8     0x1a8f Drivers/STM32L4xx_HAL_Driver/stm32l4xx_hal_spi.o
 .debug_loc     0x0000000000003b87     0x377f Drivers/STM32L4xx_HAL_Driver/stm32l4xx_hal_tim.o
 .debug_loc     0x0000000000007306     0x16fc Drivers/STM32L4xx_HAL_Driver/stm32l4xx_hal_tim_ex.o

.debug_macro    0x0000000000000000    0x1ea26
 .debug_macro   0x0000000000000000      0x20e Application/User/Core/main.o
 .debug_macro   0x000000000000020e       0xc0 Application/User/Core/main.o
 .debug_macro   0x00000000000002ce       0x2e Application/User/Core/main.o
 .debug_macro   0x00000000000002fc       0x28 Application/User/Core/main.o
 .debug_macro   0x0000000000000324       0x8e Application/User/Core/main.o
 .debug_macro   0x00000000000003b2       0x51 Application/User/Core/main.o
 .debug_macro   0x0000000000000403       0xef Application/User/Core/main.o
 .debug_macro   0x00000000000004f2      0x1df Application/User/Core/main.o
 .debug_macro   0x00000000000006d1       0x35 Application/User/Core/main.o
 .debug_macro   0x0000000000000706       0x50 Application/User/Core/main.o
 .debug_macro   0x0000000000000756      0xe66 Application/User/Core/main.o
 .debug_macro   0x00000000000015bc    0x14744 Application/User/Core/main.o
 .debug_macro   0x0000000000015d00       0x43 Application/User/Core/main.o
 .debug_macro   0x0000000000015d43     0x3788 Application/User/Core/main.o
 .debug_macro   0x00000000000194cb       0x50 Application/User/Core/main.o
 .debug_macro   0x000000000001951b     0x118b Application/User/Core/main.o
 .debug_macro   0x000000000001a6a6      0x535 Application/User/Core/main.o
 .debug_macro   0x000000000001abdb      0x241 Application/User/Core/main.o
 .debug_macro   0x000000000001ae1c      0x148 Application/User/Core/main.o
 .debug_macro   0x000000000001af64      0x122 Application/User/Core/main.o
 .debug_macro   0x000000000001b086      0x26b Application/User/Core/main.o
 .debug_macro   0x000000000001b2f1      0x23a Application/User/Core/main.o
 .debug_macro   0x000000000001b52b      0x367 Application/User/Core/main.o
 .debug_macro   0x000000000001b892       0xe4 Application/User/Core/main.o
 .debug_macro   0x000000000001b976      0x22c Application/User/Core/main.o
 .debug_macro   0x000000000001bba2       0x61 Application/User/Core/main.o
 .debug_macro   0x000000000001bc03       0xa5 Application/User/Core/main.o
 .debug_macro   0x000000000001bca8      0x126 Application/User/Core/main.o
 .debug_macro   0x000000000001bdce      0x2d2 Application/User/Core/main.o
 .debug_macro   0x000000000001c0a0      0x2fe Application/User/Core/main.o
 .debug_macro   0x000000000001c39e      0x9f7 Application/User/Core/main.o
 .debug_macro   0x000000000001cd95      0x135 Application/User/Core/main.o
 .debug_macro   0x000000000001ceca      0x21a Application/User/Core/main.o
 .debug_macro   0x000000000001d0e4      0x12a Application/User/Core/main.o
 .debug_macro   0x000000000001d20e       0x22 Application/User/Core/main.o
 .debug_macro   0x000000000001d230      0x1f5 Application/User/Core/stm32l4xx_hal_msp.o
 .debug_macro   0x000000000001d425      0x208 Application/User/Core/stm32l4xx_it.o
 .debug_macro   0x000000000001d62d      0x1ed Drivers/CMSIS/system_stm32l4xx.o
 .debug_macro   0x000000000001d81a      0x22e Drivers/STM32L4xx_HAL_Driver/stm32l4xx_hal.o
 .debug_macro   0x000000000001da48      0x1e6 Drivers/STM32L4xx_HAL_Driver/stm32l4xx_hal_cortex.o
 .debug_macro   0x000000000001dc2e      0x1e6 Drivers/STM32L4xx_HAL_Driver/stm32l4xx_hal_dma.o
 .debug_macro   0x000000000001de14      0x225 Drivers/STM32L4xx_HAL_Driver/stm32l4xx_hal_gpio.o
 .debug_macro   0x000000000001e039      0x20a Drivers/STM32L4xx_HAL_Driver/stm32l4xx_hal_pwr_ex.o
 .debug_macro   0x000000000001e243      0x228 Drivers/STM32L4xx_HAL_Driver/stm32l4xx_hal_rcc.o
 .debug_macro   0x000000000001e46b      0x1ee Drivers/STM32L4xx_HAL_Driver/stm32l4xx_hal_spi.o
 .debug_macro   0x000000000001e659      0x1e7 Drivers/STM32L4xx_HAL_Driver/stm32l4xx_hal_tim.o
 .debug_macro   0x000000000001e840      0x1e6 Drivers/STM32L4xx_HAL_Driver/stm32l4xx_hal_tim_ex.o

.comment        0x0000000000000000       0x7f
 .comment       0x0000000000000000       0x7f Application/User/Core/main.o
                                         0x80 (size before relaxing)
 .comment       0x000000000000007f       0x80 Application/User/Core/stm32l4xx_hal_msp.o
 .comment       0x000000000000007f       0x80 Application/User/Core/stm32l4xx_it.o
 .comment       0x000000000000007f       0x80 Drivers/CMSIS/system_stm32l4xx.o
 .comment       0x000000000000007f       0x80 Drivers/STM32L4xx_HAL_Driver/stm32l4xx_hal.o
 .comment       0x000000000000007f       0x80 Drivers/STM32L4xx_HAL_Driver/stm32l4xx_hal_cortex.o
 .comment       0x000000000000007f       0x80 Drivers/STM32L4xx_HAL_Driver/stm32l4xx_hal_dma.o
 .comment       0x000000000000007f       0x80 Drivers/STM32L4xx_HAL_Driver/stm32l4xx_hal_gpio.o
 .comment       0x000000000000007f       0x80 Drivers/STM32L4xx_HAL_Driver/stm32l4xx_hal_pwr_ex.o
 .comment       0x000000000000007f       0x80 Drivers/STM32L4xx_HAL_Driver/stm32l4xx_hal_rcc.o
 .comment       0x000000000000007f       0x80 Drivers/STM32L4xx_HAL_Driver/stm32l4xx_hal_spi.o
 .comment       0x000000000000007f       0x80 Drivers/STM32L4xx_HAL_Driver/stm32l4xx_hal_tim.o
 .comment       0x000000000000007f       0x80 Drivers/STM32L4xx_HAL_Driver/stm32l4xx_hal_tim_ex.o

.debug_frame    0x0000000000000000     0x20fc
 .debug_frame   0x0000000000000000      0x150 Application/User/Core/main.o
 .debug_frame   0x0000000000000150       0xe8 Application/User/Core/stm32l4xx_hal_msp.o
 .debug_frame   0x0000000000000238      0x180 Application/User/Core/stm32l4xx_it.o
 .debug_frame   0x00000000000003b8       0x30 Drivers/CMSIS/system_stm32l4xx.o
 .debug_frame   0x00000000000003e8      0x1e4 Drivers/STM32L4xx_HAL_Driver/stm32l4xx_hal.o
 .debug_frame   0x00000000000005cc      0x15c Drivers/STM32L4xx_HAL_Driver/stm32l4xx_hal_cortex.o
 .debug_frame   0x0000000000000728      0x16c Drivers/STM32L4xx_HAL_Driver/stm32l4xx_hal_dma.o
 .debug_frame   0x0000000000000894       0xd8 Drivers/STM32L4xx_HAL_Driver/stm32l4xx_hal_gpio.o
 .debug_frame   0x000000000000096c      0x1f8 Drivers/STM32L4xx_HAL_Driver/stm32l4xx_hal_pwr_ex.o
 .debug_frame   0x0000000000000b64      0x18c Drivers/STM32L4xx_HAL_Driver/stm32l4xx_hal_rcc.o
 .debug_frame   0x0000000000000cf0      0x5b8 Drivers/STM32L4xx_HAL_Driver/stm32l4xx_hal_spi.o
 .debug_frame   0x00000000000012a8      0xa08 Drivers/STM32L4xx_HAL_Driver/stm32l4xx_hal_tim.o
 .debug_frame   0x0000000000001cb0      0x400 Drivers/STM32L4xx_HAL_Driver/stm32l4xx_hal_tim_ex.o
 .debug_frame   0x00000000000020b0       0x2c /home/kbisland/Ac6/SystemWorkbench/plugins/fr.ac6.mcu.externaltools.arm-none.linux64_1.17.0.201812190825/tools/compiler/bin/../lib/gcc/arm-none-eabi/7.3.1/../../../../arm-none-eabi/lib/thumb/v7e-m/fpv4-sp/hard/libc_nano.a(lib_a-init.o)
 .debug_frame   0x00000000000020dc       0x20 /home/kbisland/Ac6/SystemWorkbench/plugins/fr.ac6.mcu.externaltools.arm-none.linux64_1.17.0.201812190825/tools/compiler/bin/../lib/gcc/arm-none-eabi/7.3.1/../../../../arm-none-eabi/lib/thumb/v7e-m/fpv4-sp/hard/libc_nano.a(lib_a-memset.o)
